[2022-05-01T14:11:44.758-0500][0.009s] CardTable entry size: 512
[2022-05-01T14:11:44.759-0500][0.009s] Using G1
[2022-05-01T14:11:44.918-0500][0.168s] Version: 18+36-2087 (release)
[2022-05-01T14:11:44.918-0500][0.169s] CPUs: 8 total, 8 available
[2022-05-01T14:11:44.918-0500][0.169s] Memory: 8192M
[2022-05-01T14:11:44.918-0500][0.169s] Large Page Support: Disabled
[2022-05-01T14:11:44.918-0500][0.169s] NUMA Support: Disabled
[2022-05-01T14:11:44.918-0500][0.169s] Compressed Oops: Enabled (Zero based)
[2022-05-01T14:11:44.918-0500][0.169s] Heap Region Size: 1M
[2022-05-01T14:11:44.918-0500][0.169s] Heap Min Capacity: 512M
[2022-05-01T14:11:44.918-0500][0.169s] Heap Initial Capacity: 512M
[2022-05-01T14:11:44.918-0500][0.169s] Heap Max Capacity: 512M
[2022-05-01T14:11:44.918-0500][0.169s] Pre-touch: Enabled
[2022-05-01T14:11:44.918-0500][0.169s] Parallel Workers: 8
[2022-05-01T14:11:44.918-0500][0.169s] Concurrent Workers: 2
[2022-05-01T14:11:44.918-0500][0.169s] Concurrent Refinement Workers: 8
[2022-05-01T14:11:44.918-0500][0.169s] Periodic GC: Disabled
[2022-05-01T14:11:44.918-0500][0.169s] CDS archive(s) mapped at: [0x0000000800000000-0x0000000800ba8000-0x0000000800ba8000), size 12222464, SharedBaseAddress: 0x0000000800000000, ArchiveRelocationMode: 0.
[2022-05-01T14:11:44.918-0500][0.169s] Compressed class space mapped at: 0x0000000800c00000-0x0000000840c00000, reserved size: 1073741824
[2022-05-01T14:11:44.918-0500][0.169s] Narrow klass base: 0x0000000800000000, Narrow klass shift: 0, Narrow klass range: 0x100000000
[2022-05-01T14:11:46.384-0500][1.635s] GC(0) Pause Young (Normal) (G1 Evacuation Pause)
[2022-05-01T14:11:46.385-0500][1.636s] GC(0) Using 8 workers of 8 for evacuation
[2022-05-01T14:11:46.396-0500][1.647s] GC(0)   Pre Evacuate Collection Set: 0.1ms
[2022-05-01T14:11:46.396-0500][1.647s] GC(0)   Merge Heap Roots: 0.1ms
[2022-05-01T14:11:46.396-0500][1.647s] GC(0)   Evacuate Collection Set: 10.4ms
[2022-05-01T14:11:46.396-0500][1.647s] GC(0)   Post Evacuate Collection Set: 0.2ms
[2022-05-01T14:11:46.396-0500][1.647s] GC(0)   Other: 0.4ms
[2022-05-01T14:11:46.396-0500][1.647s] GC(0) Eden regions: 29->0(65)
[2022-05-01T14:11:46.396-0500][1.647s] GC(0) Survivor regions: 0->4(4)
[2022-05-01T14:11:46.396-0500][1.647s] GC(0) Old regions: 0->2
[2022-05-01T14:11:46.396-0500][1.647s] GC(0) Archive regions: 2->2
[2022-05-01T14:11:46.396-0500][1.647s] GC(0) Humongous regions: 4->4
[2022-05-01T14:11:46.396-0500][1.647s] GC(0) Metaspace: 9990K(10240K)->9990K(10240K) NonClass: 8830K(8960K)->8830K(8960K) Class: 1159K(1280K)->1159K(1280K)
[2022-05-01T14:11:46.396-0500][1.647s] GC(0) Pause Young (Normal) (G1 Evacuation Pause) 33M->10M(512M) 11.947ms
[2022-05-01T14:11:46.396-0500][1.647s] GC(0) User=0.02s Sys=0.00s Real=0.01s
[2022-05-01T14:11:47.237-0500][2.487s] GC(1) Pause Young (Normal) (G1 Evacuation Pause)
[2022-05-01T14:11:47.237-0500][2.487s] GC(1) Using 8 workers of 8 for evacuation
[2022-05-01T14:11:47.253-0500][2.504s] GC(1)   Pre Evacuate Collection Set: 0.1ms
[2022-05-01T14:11:47.253-0500][2.504s] GC(1)   Merge Heap Roots: 0.1ms
[2022-05-01T14:11:47.253-0500][2.504s] GC(1)   Evacuate Collection Set: 15.6ms
[2022-05-01T14:11:47.253-0500][2.504s] GC(1)   Post Evacuate Collection Set: 0.8ms
[2022-05-01T14:11:47.254-0500][2.504s] GC(1)   Other: 0.1ms
[2022-05-01T14:11:47.254-0500][2.504s] GC(1) Eden regions: 50->0(59)
[2022-05-01T14:11:47.254-0500][2.504s] GC(1) Survivor regions: 4->7(7)
[2022-05-01T14:11:47.254-0500][2.504s] GC(1) Old regions: 2->12
[2022-05-01T14:11:47.254-0500][2.504s] GC(1) Archive regions: 2->2
[2022-05-01T14:11:47.254-0500][2.504s] GC(1) Humongous regions: 4->4
[2022-05-01T14:11:47.254-0500][2.504s] GC(1) Metaspace: 16052K(16384K)->16052K(16384K) NonClass: 14218K(14400K)->14218K(14400K) Class: 1833K(1984K)->1833K(1984K)
[2022-05-01T14:11:47.254-0500][2.504s] GC(1) Pause Young (Normal) (G1 Evacuation Pause) 60M->23M(512M) 16.838ms
[2022-05-01T14:11:47.254-0500][2.504s] GC(1) User=0.04s Sys=0.01s Real=0.02s
[2022-05-01T14:11:47.574-0500][2.825s] GC(2) Pause Young (Concurrent Start) (Metadata GC Threshold)
[2022-05-01T14:11:47.574-0500][2.825s] GC(2) Using 8 workers of 8 for evacuation
[2022-05-01T14:11:47.577-0500][2.828s] GC(2)   Pre Evacuate Collection Set: 0.1ms
[2022-05-01T14:11:47.577-0500][2.828s] GC(2)   Merge Heap Roots: 0.0ms
[2022-05-01T14:11:47.577-0500][2.828s] GC(2)   Evacuate Collection Set: 2.5ms
[2022-05-01T14:11:47.577-0500][2.828s] GC(2)   Post Evacuate Collection Set: 0.2ms
[2022-05-01T14:11:47.577-0500][2.828s] GC(2)   Other: 0.1ms
[2022-05-01T14:11:47.577-0500][2.828s] GC(2) Eden regions: 25->0(73)
[2022-05-01T14:11:47.577-0500][2.828s] GC(2) Survivor regions: 7->1(9)
[2022-05-01T14:11:47.577-0500][2.828s] GC(2) Old regions: 12->20
[2022-05-01T14:11:47.577-0500][2.828s] GC(2) Archive regions: 2->2
[2022-05-01T14:11:47.577-0500][2.828s] GC(2) Humongous regions: 4->4
[2022-05-01T14:11:47.577-0500][2.828s] GC(2) Metaspace: 21224K(21504K)->21224K(21504K) NonClass: 18868K(19008K)->18868K(19008K) Class: 2356K(2496K)->2356K(2496K)
[2022-05-01T14:11:47.577-0500][2.828s] GC(2) Pause Young (Concurrent Start) (Metadata GC Threshold) 48M->25M(512M) 3.077ms
[2022-05-01T14:11:47.577-0500][2.828s] GC(2) User=0.01s Sys=0.00s Real=0.00s
[2022-05-01T14:11:47.578-0500][2.828s] GC(3) Concurrent Mark Cycle
[2022-05-01T14:11:47.578-0500][2.828s] GC(3) Concurrent Clear Claimed Marks
[2022-05-01T14:11:47.578-0500][2.828s] GC(3) Concurrent Clear Claimed Marks 0.014ms
[2022-05-01T14:11:47.578-0500][2.828s] GC(3) Concurrent Scan Root Regions
[2022-05-01T14:11:47.579-0500][2.829s] GC(3) Concurrent Scan Root Regions 0.999ms
[2022-05-01T14:11:47.579-0500][2.829s] GC(3) Concurrent Mark
[2022-05-01T14:11:47.579-0500][2.829s] GC(3) Concurrent Mark From Roots
[2022-05-01T14:11:47.579-0500][2.829s] GC(3) Using 2 workers of 2 for marking
[2022-05-01T14:11:47.585-0500][2.836s] GC(3) Concurrent Mark From Roots 6.469ms
[2022-05-01T14:11:47.585-0500][2.836s] GC(3) Concurrent Preclean
[2022-05-01T14:11:47.585-0500][2.836s] GC(3) Concurrent Preclean 0.027ms
[2022-05-01T14:11:47.585-0500][2.836s] GC(3) Pause Remark
[2022-05-01T14:11:47.596-0500][2.847s] GC(3) Pause Remark 26M->26M(512M) 10.910ms
[2022-05-01T14:11:47.596-0500][2.847s] GC(3) User=0.01s Sys=0.01s Real=0.01s
[2022-05-01T14:11:47.596-0500][2.847s] GC(3) Concurrent Mark 17.684ms
[2022-05-01T14:11:47.596-0500][2.847s] GC(3) Concurrent Rebuild Remembered Sets
[2022-05-01T14:11:47.601-0500][2.851s] GC(3) Concurrent Rebuild Remembered Sets 4.224ms
[2022-05-01T14:11:47.601-0500][2.851s] GC(3) Pause Cleanup
[2022-05-01T14:11:47.601-0500][2.852s] GC(3) Pause Cleanup 26M->26M(512M) 0.066ms
[2022-05-01T14:11:47.601-0500][2.852s] GC(3) User=0.00s Sys=0.00s Real=0.00s
[2022-05-01T14:11:47.601-0500][2.852s] GC(3) Concurrent Cleanup for Next Mark
[2022-05-01T14:11:47.602-0500][2.852s] GC(3) Concurrent Cleanup for Next Mark 0.616ms
[2022-05-01T14:11:47.602-0500][2.852s] GC(3) Concurrent Mark Cycle 24.104ms
[2022-05-01T14:11:49.312-0500][4.563s] GC(4) Pause Young (Prepare Mixed) (G1 Evacuation Pause)
[2022-05-01T14:11:49.313-0500][4.563s] GC(4) Using 8 workers of 8 for evacuation
[2022-05-01T14:11:49.318-0500][4.569s] GC(4)   Pre Evacuate Collection Set: 0.1ms
[2022-05-01T14:11:49.318-0500][4.569s] GC(4)   Merge Heap Roots: 0.0ms
[2022-05-01T14:11:49.318-0500][4.569s] GC(4)   Evacuate Collection Set: 5.2ms
[2022-05-01T14:11:49.318-0500][4.569s] GC(4)   Post Evacuate Collection Set: 0.5ms
[2022-05-01T14:11:49.318-0500][4.569s] GC(4)   Other: 0.1ms
[2022-05-01T14:11:49.318-0500][4.569s] GC(4) Eden regions: 73->0(18)
[2022-05-01T14:11:49.318-0500][4.569s] GC(4) Survivor regions: 1->7(10)
[2022-05-01T14:11:49.318-0500][4.569s] GC(4) Old regions: 20->20
[2022-05-01T14:11:49.318-0500][4.569s] GC(4) Archive regions: 2->2
[2022-05-01T14:11:49.318-0500][4.569s] GC(4) Humongous regions: 4->4
[2022-05-01T14:11:49.318-0500][4.569s] GC(4) Metaspace: 35592K(36032K)->35592K(36032K) NonClass: 31446K(31680K)->31446K(31680K) Class: 4146K(4352K)->4146K(4352K)
[2022-05-01T14:11:49.318-0500][4.569s] GC(4) Pause Young (Prepare Mixed) (G1 Evacuation Pause) 98M->30M(512M) 6.013ms
[2022-05-01T14:11:49.318-0500][4.569s] GC(4) User=0.03s Sys=0.01s Real=0.00s
[2022-05-01T14:11:49.475-0500][4.726s] GC(5) Pause Young (Mixed) (Metadata GC Threshold)
[2022-05-01T14:11:49.475-0500][4.726s] GC(5) Using 8 workers of 8 for evacuation
[2022-05-01T14:11:49.481-0500][4.732s] GC(5)   Pre Evacuate Collection Set: 0.1ms
[2022-05-01T14:11:49.481-0500][4.732s] GC(5)   Merge Heap Roots: 0.0ms
[2022-05-01T14:11:49.481-0500][4.732s] GC(5)   Evacuate Collection Set: 5.3ms
[2022-05-01T14:11:49.481-0500][4.732s] GC(5)   Post Evacuate Collection Set: 0.2ms
[2022-05-01T14:11:49.481-0500][4.732s] GC(5)   Other: 0.0ms
[2022-05-01T14:11:49.481-0500][4.732s] GC(5) Eden regions: 8->0(305)
[2022-05-01T14:11:49.481-0500][4.732s] GC(5) Survivor regions: 7->2(4)
[2022-05-01T14:11:49.481-0500][4.732s] GC(5) Old regions: 20->25
[2022-05-01T14:11:49.481-0500][4.732s] GC(5) Archive regions: 2->2
[2022-05-01T14:11:49.481-0500][4.732s] GC(5) Humongous regions: 4->4
[2022-05-01T14:11:49.481-0500][4.732s] GC(5) Metaspace: 35935K(36288K)->35935K(36288K) NonClass: 31770K(31936K)->31770K(31936K) Class: 4165K(4352K)->4165K(4352K)
[2022-05-01T14:11:49.481-0500][4.732s] GC(5) Pause Young (Mixed) (Metadata GC Threshold) 37M->31M(512M) 5.840ms
[2022-05-01T14:11:49.481-0500][4.732s] GC(5) User=0.02s Sys=0.01s Real=0.01s
[2022-05-01T14:11:49.497-0500][4.748s] GC(6) Pause Young (Concurrent Start) (Metadata GC Threshold)
[2022-05-01T14:11:49.497-0500][4.748s] GC(6) Using 8 workers of 8 for evacuation
[2022-05-01T14:11:49.498-0500][4.749s] GC(6)   Pre Evacuate Collection Set: 0.1ms
[2022-05-01T14:11:49.498-0500][4.749s] GC(6)   Merge Heap Roots: 0.0ms
[2022-05-01T14:11:49.498-0500][4.749s] GC(6)   Evacuate Collection Set: 0.9ms
[2022-05-01T14:11:49.498-0500][4.749s] GC(6)   Post Evacuate Collection Set: 0.2ms
[2022-05-01T14:11:49.498-0500][4.749s] GC(6)   Other: 0.0ms
[2022-05-01T14:11:49.498-0500][4.749s] GC(6) Eden regions: 1->0(306)
[2022-05-01T14:11:49.498-0500][4.749s] GC(6) Survivor regions: 2->1(39)
[2022-05-01T14:11:49.498-0500][4.749s] GC(6) Old regions: 25->25
[2022-05-01T14:11:49.498-0500][4.749s] GC(6) Archive regions: 2->2
[2022-05-01T14:11:49.498-0500][4.749s] GC(6) Humongous regions: 4->4
[2022-05-01T14:11:49.498-0500][4.749s] GC(6) Metaspace: 36172K(36608K)->36172K(36608K) NonClass: 31975K(32192K)->31975K(32192K) Class: 4196K(4416K)->4196K(4416K)
[2022-05-01T14:11:49.498-0500][4.749s] GC(6) Pause Young (Concurrent Start) (Metadata GC Threshold) 31M->30M(512M) 1.302ms
[2022-05-01T14:11:49.498-0500][4.749s] GC(7) Concurrent Mark Cycle
[2022-05-01T14:11:49.498-0500][4.749s] GC(6) User=0.01s Sys=0.00s Real=0.00s
[2022-05-01T14:11:49.498-0500][4.749s] GC(7) Concurrent Clear Claimed Marks
[2022-05-01T14:11:49.498-0500][4.749s] GC(7) Concurrent Clear Claimed Marks 0.015ms
[2022-05-01T14:11:49.498-0500][4.749s] GC(7) Concurrent Scan Root Regions
[2022-05-01T14:11:49.499-0500][4.749s] GC(7) Concurrent Scan Root Regions 0.281ms
[2022-05-01T14:11:49.499-0500][4.749s] GC(7) Concurrent Mark
[2022-05-01T14:11:49.499-0500][4.749s] GC(7) Concurrent Mark From Roots
[2022-05-01T14:11:49.499-0500][4.749s] GC(7) Using 2 workers of 2 for marking
[2022-05-01T14:11:49.510-0500][4.761s] GC(7) Concurrent Mark From Roots 11.124ms
[2022-05-01T14:11:49.510-0500][4.761s] GC(7) Concurrent Preclean
[2022-05-01T14:11:49.510-0500][4.761s] GC(7) Concurrent Preclean 0.042ms
[2022-05-01T14:11:49.510-0500][4.761s] GC(7) Pause Remark
[2022-05-01T14:11:49.523-0500][4.773s] GC(7) Pause Remark 32M->32M(512M) 12.344ms
[2022-05-01T14:11:49.523-0500][4.773s] GC(7) User=0.02s Sys=0.02s Real=0.01s
[2022-05-01T14:11:49.523-0500][4.773s] GC(7) Concurrent Mark 24.070ms
[2022-05-01T14:11:49.523-0500][4.773s] GC(7) Concurrent Rebuild Remembered Sets
[2022-05-01T14:11:49.529-0500][4.780s] GC(7) Concurrent Rebuild Remembered Sets 6.321ms
[2022-05-01T14:11:49.530-0500][4.780s] GC(7) Pause Cleanup
[2022-05-01T14:11:49.530-0500][4.780s] GC(7) Pause Cleanup 32M->32M(512M) 0.073ms
[2022-05-01T14:11:49.530-0500][4.780s] GC(7) User=0.00s Sys=0.00s Real=0.00s
[2022-05-01T14:11:49.530-0500][4.780s] GC(7) Concurrent Cleanup for Next Mark
[2022-05-01T14:11:49.531-0500][4.781s] GC(7) Concurrent Cleanup for Next Mark 0.719ms
[2022-05-01T14:11:49.531-0500][4.781s] GC(7) Concurrent Mark Cycle 32.072ms
[2022-05-01T14:56:26.036-0500][2681.345s] GC(8) Pause Young (Normal) (G1 Evacuation Pause)
[2022-05-01T14:56:26.038-0500][2681.347s] GC(8) Using 8 workers of 8 for evacuation
[2022-05-01T14:56:26.121-0500][2681.430s] GC(8)   Pre Evacuate Collection Set: 1.2ms
[2022-05-01T14:56:26.121-0500][2681.430s] GC(8)   Merge Heap Roots: 0.8ms
[2022-05-01T14:56:26.121-0500][2681.430s] GC(8)   Evacuate Collection Set: 74.4ms
[2022-05-01T14:56:26.121-0500][2681.430s] GC(8)   Post Evacuate Collection Set: 5.7ms
[2022-05-01T14:56:26.121-0500][2681.430s] GC(8)   Other: 1.2ms
[2022-05-01T14:56:26.121-0500][2681.430s] GC(8) Eden regions: 306->0(288)
[2022-05-01T14:56:26.121-0500][2681.430s] GC(8) Survivor regions: 1->19(39)
[2022-05-01T14:56:26.121-0500][2681.430s] GC(8) Old regions: 25->25
[2022-05-01T14:56:26.121-0500][2681.430s] GC(8) Archive regions: 2->2
[2022-05-01T14:56:26.121-0500][2681.430s] GC(8) Humongous regions: 7->7
[2022-05-01T14:56:26.121-0500][2681.430s] GC(8) Metaspace: 50206K(50752K)->50206K(50752K) NonClass: 44312K(44608K)->44312K(44608K) Class: 5894K(6144K)->5894K(6144K)
[2022-05-01T14:56:26.121-0500][2681.430s] GC(8) Pause Young (Normal) (G1 Evacuation Pause) 339M->51M(512M) 86.059ms
[2022-05-01T14:56:26.121-0500][2681.430s] GC(8) User=0.07s Sys=0.18s Real=0.09s
[2022-05-01T16:22:38.253-0500][7853.605s] Heap
[2022-05-01T16:22:38.254-0500][7853.606s]  garbage-first heap   total 524288K, used 154023K [0x00000007e0000000, 0x0000000800000000)
[2022-05-01T16:22:38.254-0500][7853.606s]   region size 1024K, 119 young (121856K), 19 survivors (19456K)
[2022-05-01T16:22:38.254-0500][7853.606s]  Metaspace       used 51504K, committed 52032K, reserved 1114112K
[2022-05-01T16:22:38.254-0500][7853.606s]   class space    used 5965K, committed 6208K, reserved 1048576K
