[2022-04-18T23:31:44.907-0500][0.007s] CardTable entry size: 512
[2022-04-18T23:31:44.907-0500][0.008s] Using G1
[2022-04-18T23:31:45.028-0500][0.129s] Version: 18+36-2087 (release)
[2022-04-18T23:31:45.028-0500][0.129s] CPUs: 8 total, 8 available
[2022-04-18T23:31:45.028-0500][0.129s] Memory: 8192M
[2022-04-18T23:31:45.028-0500][0.129s] Large Page Support: Disabled
[2022-04-18T23:31:45.028-0500][0.129s] NUMA Support: Disabled
[2022-04-18T23:31:45.028-0500][0.129s] Compressed Oops: Enabled (Zero based)
[2022-04-18T23:31:45.028-0500][0.129s] Heap Region Size: 1M
[2022-04-18T23:31:45.028-0500][0.129s] Heap Min Capacity: 512M
[2022-04-18T23:31:45.028-0500][0.129s] Heap Initial Capacity: 512M
[2022-04-18T23:31:45.028-0500][0.129s] Heap Max Capacity: 512M
[2022-04-18T23:31:45.028-0500][0.129s] Pre-touch: Enabled
[2022-04-18T23:31:45.028-0500][0.129s] Parallel Workers: 8
[2022-04-18T23:31:45.028-0500][0.129s] Concurrent Workers: 2
[2022-04-18T23:31:45.028-0500][0.129s] Concurrent Refinement Workers: 8
[2022-04-18T23:31:45.028-0500][0.129s] Periodic GC: Disabled
[2022-04-18T23:31:45.029-0500][0.129s] CDS archive(s) mapped at: [0x0000000800000000-0x0000000800ba8000-0x0000000800ba8000), size 12222464, SharedBaseAddress: 0x0000000800000000, ArchiveRelocationMode: 0.
[2022-04-18T23:31:45.029-0500][0.129s] Compressed class space mapped at: 0x0000000800c00000-0x0000000840c00000, reserved size: 1073741824
[2022-04-18T23:31:45.029-0500][0.129s] Narrow klass base: 0x0000000800000000, Narrow klass shift: 0, Narrow klass range: 0x100000000
[2022-04-18T23:31:46.046-0500][1.146s] GC(0) Pause Young (Normal) (G1 Evacuation Pause)
[2022-04-18T23:31:46.046-0500][1.147s] GC(0) Using 8 workers of 8 for evacuation
[2022-04-18T23:31:46.058-0500][1.159s] GC(0)   Pre Evacuate Collection Set: 0.1ms
[2022-04-18T23:31:46.058-0500][1.159s] GC(0)   Merge Heap Roots: 0.1ms
[2022-04-18T23:31:46.058-0500][1.159s] GC(0)   Evacuate Collection Set: 11.0ms
[2022-04-18T23:31:46.058-0500][1.159s] GC(0)   Post Evacuate Collection Set: 0.3ms
[2022-04-18T23:31:46.058-0500][1.159s] GC(0)   Other: 0.5ms
[2022-04-18T23:31:46.058-0500][1.159s] GC(0) Eden regions: 29->0(66)
[2022-04-18T23:31:46.058-0500][1.159s] GC(0) Survivor regions: 0->4(4)
[2022-04-18T23:31:46.058-0500][1.159s] GC(0) Old regions: 0->2
[2022-04-18T23:31:46.058-0500][1.159s] GC(0) Archive regions: 2->2
[2022-04-18T23:31:46.058-0500][1.159s] GC(0) Humongous regions: 4->4
[2022-04-18T23:31:46.058-0500][1.159s] GC(0) Metaspace: 9979K(10176K)->9979K(10176K) NonClass: 8820K(8896K)->8820K(8896K) Class: 1159K(1280K)->1159K(1280K)
[2022-04-18T23:31:46.058-0500][1.159s] GC(0) Pause Young (Normal) (G1 Evacuation Pause) 33M->10M(512M) 12.256ms
[2022-04-18T23:31:46.058-0500][1.159s] GC(0) User=0.02s Sys=0.00s Real=0.01s
[2022-04-18T23:31:46.875-0500][1.976s] GC(1) Pause Young (Normal) (G1 Evacuation Pause)
[2022-04-18T23:31:46.875-0500][1.976s] GC(1) Using 8 workers of 8 for evacuation
[2022-04-18T23:31:46.888-0500][1.989s] GC(1)   Pre Evacuate Collection Set: 0.1ms
[2022-04-18T23:31:46.888-0500][1.989s] GC(1)   Merge Heap Roots: 0.1ms
[2022-04-18T23:31:46.888-0500][1.989s] GC(1)   Evacuate Collection Set: 12.2ms
[2022-04-18T23:31:46.888-0500][1.989s] GC(1)   Post Evacuate Collection Set: 0.5ms
[2022-04-18T23:31:46.888-0500][1.989s] GC(1)   Other: 0.1ms
[2022-04-18T23:31:46.888-0500][1.989s] GC(1) Eden regions: 54->0(63)
[2022-04-18T23:31:46.888-0500][1.989s] GC(1) Survivor regions: 4->8(8)
[2022-04-18T23:31:46.888-0500][1.989s] GC(1) Old regions: 2->11
[2022-04-18T23:31:46.888-0500][1.989s] GC(1) Archive regions: 2->2
[2022-04-18T23:31:46.888-0500][1.989s] GC(1) Humongous regions: 4->4
[2022-04-18T23:31:46.888-0500][1.989s] GC(1) Metaspace: 17102K(17472K)->17102K(17472K) NonClass: 15150K(15360K)->15150K(15360K) Class: 1951K(2112K)->1951K(2112K)
[2022-04-18T23:31:46.888-0500][1.989s] GC(1) Pause Young (Normal) (G1 Evacuation Pause) 64M->23M(512M) 13.105ms
[2022-04-18T23:31:46.888-0500][1.989s] GC(1) User=0.03s Sys=0.01s Real=0.01s
[2022-04-18T23:31:47.106-0500][2.206s] GC(2) Pause Young (Concurrent Start) (Metadata GC Threshold)
[2022-04-18T23:31:47.106-0500][2.206s] GC(2) Using 8 workers of 8 for evacuation
[2022-04-18T23:31:47.116-0500][2.216s] GC(2)   Pre Evacuate Collection Set: 0.1ms
[2022-04-18T23:31:47.116-0500][2.216s] GC(2)   Merge Heap Roots: 0.1ms
[2022-04-18T23:31:47.116-0500][2.216s] GC(2)   Evacuate Collection Set: 9.6ms
[2022-04-18T23:31:47.116-0500][2.216s] GC(2)   Post Evacuate Collection Set: 0.4ms
[2022-04-18T23:31:47.116-0500][2.216s] GC(2)   Other: 0.1ms
[2022-04-18T23:31:47.116-0500][2.216s] GC(2) Eden regions: 21->0(75)
[2022-04-18T23:31:47.116-0500][2.216s] GC(2) Survivor regions: 8->1(9)
[2022-04-18T23:31:47.116-0500][2.216s] GC(2) Old regions: 11->20
[2022-04-18T23:31:47.116-0500][2.216s] GC(2) Archive regions: 2->2
[2022-04-18T23:31:47.116-0500][2.216s] GC(2) Humongous regions: 4->4
[2022-04-18T23:31:47.116-0500][2.216s] GC(2) Metaspace: 21260K(21504K)->21260K(21504K) NonClass: 18892K(19008K)->18892K(19008K) Class: 2367K(2496K)->2367K(2496K)
[2022-04-18T23:31:47.116-0500][2.217s] GC(2) Pause Young (Concurrent Start) (Metadata GC Threshold) 44M->25M(512M) 10.341ms
[2022-04-18T23:31:47.116-0500][2.217s] GC(2) User=0.02s Sys=0.00s Real=0.01s
[2022-04-18T23:31:47.116-0500][2.217s] GC(3) Concurrent Mark Cycle
[2022-04-18T23:31:47.116-0500][2.217s] GC(3) Concurrent Clear Claimed Marks
[2022-04-18T23:31:47.116-0500][2.217s] GC(3) Concurrent Clear Claimed Marks 0.015ms
[2022-04-18T23:31:47.116-0500][2.217s] GC(3) Concurrent Scan Root Regions
[2022-04-18T23:31:47.117-0500][2.218s] GC(3) Concurrent Scan Root Regions 1.254ms
[2022-04-18T23:31:47.117-0500][2.218s] GC(3) Concurrent Mark
[2022-04-18T23:31:47.117-0500][2.218s] GC(3) Concurrent Mark From Roots
[2022-04-18T23:31:47.117-0500][2.218s] GC(3) Using 2 workers of 2 for marking
[2022-04-18T23:31:47.123-0500][2.223s] GC(3) Concurrent Mark From Roots 5.345ms
[2022-04-18T23:31:47.123-0500][2.223s] GC(3) Concurrent Preclean
[2022-04-18T23:31:47.123-0500][2.223s] GC(3) Concurrent Preclean 0.048ms
[2022-04-18T23:31:47.123-0500][2.224s] GC(3) Pause Remark
[2022-04-18T23:31:47.133-0500][2.233s] GC(3) Pause Remark 26M->26M(512M) 9.826ms
[2022-04-18T23:31:47.133-0500][2.233s] GC(3) User=0.01s Sys=0.01s Real=0.01s
[2022-04-18T23:31:47.134-0500][2.235s] GC(3) Concurrent Mark 16.900ms
[2022-04-18T23:31:47.134-0500][2.235s] GC(3) Concurrent Rebuild Remembered Sets
[2022-04-18T23:31:47.139-0500][2.239s] GC(3) Concurrent Rebuild Remembered Sets 4.253ms
[2022-04-18T23:31:47.139-0500][2.240s] GC(3) Pause Cleanup
[2022-04-18T23:31:47.139-0500][2.240s] GC(3) Pause Cleanup 26M->26M(512M) 0.086ms
[2022-04-18T23:31:47.139-0500][2.240s] GC(3) User=0.00s Sys=0.00s Real=0.00s
[2022-04-18T23:31:47.140-0500][2.240s] GC(3) Concurrent Cleanup for Next Mark
[2022-04-18T23:31:47.140-0500][2.241s] GC(3) Concurrent Cleanup for Next Mark 0.678ms
[2022-04-18T23:31:47.140-0500][2.241s] GC(3) Concurrent Mark Cycle 24.157ms
[2022-04-18T23:31:48.553-0500][3.653s] GC(4) Pause Young (Concurrent Start) (Metadata GC Threshold)
[2022-04-18T23:31:48.553-0500][3.653s] GC(4) Using 8 workers of 8 for evacuation
[2022-04-18T23:31:48.556-0500][3.657s] GC(4)   Pre Evacuate Collection Set: 0.1ms
[2022-04-18T23:31:48.556-0500][3.657s] GC(4)   Merge Heap Roots: 0.1ms
[2022-04-18T23:31:48.556-0500][3.657s] GC(4)   Evacuate Collection Set: 2.7ms
[2022-04-18T23:31:48.556-0500][3.657s] GC(4)   Post Evacuate Collection Set: 0.5ms
[2022-04-18T23:31:48.556-0500][3.657s] GC(4)   Other: 0.1ms
[2022-04-18T23:31:48.556-0500][3.657s] GC(4) Eden regions: 71->0(301)
[2022-04-18T23:31:48.556-0500][3.657s] GC(4) Survivor regions: 1->6(10)
[2022-04-18T23:31:48.556-0500][3.657s] GC(4) Old regions: 20->20
[2022-04-18T23:31:48.556-0500][3.657s] GC(4) Archive regions: 2->2
[2022-04-18T23:31:48.556-0500][3.657s] GC(4) Humongous regions: 4->4
[2022-04-18T23:31:48.556-0500][3.657s] GC(4) Metaspace: 35588K(35968K)->35588K(35968K) NonClass: 31452K(31616K)->31452K(31616K) Class: 4136K(4352K)->4136K(4352K)
[2022-04-18T23:31:48.556-0500][3.657s] GC(4) Pause Young (Concurrent Start) (Metadata GC Threshold) 96M->29M(512M) 3.599ms
[2022-04-18T23:31:48.556-0500][3.657s] GC(4) User=0.02s Sys=0.00s Real=0.00s
[2022-04-18T23:31:48.556-0500][3.657s] GC(5) Concurrent Mark Cycle
[2022-04-18T23:31:48.556-0500][3.657s] GC(5) Concurrent Clear Claimed Marks
[2022-04-18T23:31:48.556-0500][3.657s] GC(5) Concurrent Clear Claimed Marks 0.011ms
[2022-04-18T23:31:48.556-0500][3.657s] GC(5) Concurrent Scan Root Regions
[2022-04-18T23:31:48.558-0500][3.659s] GC(5) Concurrent Scan Root Regions 1.842ms
[2022-04-18T23:31:48.558-0500][3.659s] GC(5) Concurrent Mark
[2022-04-18T23:31:48.558-0500][3.659s] GC(5) Concurrent Mark From Roots
[2022-04-18T23:31:48.558-0500][3.659s] GC(5) Using 2 workers of 2 for marking
[2022-04-18T23:31:48.565-0500][3.666s] GC(5) Concurrent Mark From Roots 6.960ms
[2022-04-18T23:31:48.565-0500][3.666s] GC(5) Concurrent Preclean
[2022-04-18T23:31:48.565-0500][3.666s] GC(5) Concurrent Preclean 0.034ms
[2022-04-18T23:31:48.566-0500][3.666s] GC(5) Pause Remark
[2022-04-18T23:31:48.573-0500][3.674s] GC(5) Pause Remark 30M->30M(512M) 7.500ms
[2022-04-18T23:31:48.573-0500][3.674s] GC(5) User=0.01s Sys=0.01s Real=0.01s
[2022-04-18T23:31:48.573-0500][3.674s] GC(5) Concurrent Mark 14.955ms
[2022-04-18T23:31:48.573-0500][3.674s] GC(5) Concurrent Rebuild Remembered Sets
[2022-04-18T23:31:48.580-0500][3.680s] GC(5) Concurrent Rebuild Remembered Sets 6.284ms
[2022-04-18T23:31:48.580-0500][3.681s] GC(5) Pause Cleanup
[2022-04-18T23:31:48.580-0500][3.681s] GC(5) Pause Cleanup 30M->30M(512M) 0.091ms
[2022-04-18T23:31:48.580-0500][3.681s] GC(5) User=0.00s Sys=0.00s Real=0.00s
[2022-04-18T23:31:48.580-0500][3.681s] GC(5) Concurrent Cleanup for Next Mark
[2022-04-18T23:31:48.581-0500][3.681s] GC(5) Concurrent Cleanup for Next Mark 0.611ms
[2022-04-18T23:31:48.581-0500][3.681s] GC(5) Concurrent Mark Cycle 24.645ms
[2022-04-18T23:33:03.815-0500][78.916s] Heap
[2022-04-18T23:33:03.815-0500][78.916s]  garbage-first heap   total 524288K, used 134023K [0x00000007e0000000, 0x0000000800000000)
[2022-04-18T23:33:03.815-0500][78.916s]   region size 1024K, 107 young (109568K), 6 survivors (6144K)
[2022-04-18T23:33:03.815-0500][78.916s]  Metaspace       used 46858K, committed 47360K, reserved 1114112K
[2022-04-18T23:33:03.815-0500][78.916s]   class space    used 5515K, committed 5760K, reserved 1048576K
