[2022-05-04T08:51:11.447-0500][0.011s] CardTable entry size: 512
[2022-05-04T08:51:11.447-0500][0.012s] Using G1
[2022-05-04T08:51:11.592-0500][0.157s] Version: 18+36-2087 (release)
[2022-05-04T08:51:11.592-0500][0.157s] CPUs: 8 total, 8 available
[2022-05-04T08:51:11.592-0500][0.157s] Memory: 8192M
[2022-05-04T08:51:11.592-0500][0.157s] Large Page Support: Disabled
[2022-05-04T08:51:11.592-0500][0.157s] NUMA Support: Disabled
[2022-05-04T08:51:11.592-0500][0.157s] Compressed Oops: Enabled (Zero based)
[2022-05-04T08:51:11.592-0500][0.157s] Heap Region Size: 1M
[2022-05-04T08:51:11.592-0500][0.157s] Heap Min Capacity: 512M
[2022-05-04T08:51:11.592-0500][0.157s] Heap Initial Capacity: 512M
[2022-05-04T08:51:11.592-0500][0.157s] Heap Max Capacity: 512M
[2022-05-04T08:51:11.592-0500][0.157s] Pre-touch: Enabled
[2022-05-04T08:51:11.592-0500][0.157s] Parallel Workers: 8
[2022-05-04T08:51:11.592-0500][0.157s] Concurrent Workers: 2
[2022-05-04T08:51:11.592-0500][0.157s] Concurrent Refinement Workers: 8
[2022-05-04T08:51:11.592-0500][0.157s] Periodic GC: Disabled
[2022-05-04T08:51:11.592-0500][0.157s] CDS archive(s) mapped at: [0x0000000800000000-0x0000000800ba8000-0x0000000800ba8000), size 12222464, SharedBaseAddress: 0x0000000800000000, ArchiveRelocationMode: 0.
[2022-05-04T08:51:11.592-0500][0.157s] Compressed class space mapped at: 0x0000000800c00000-0x0000000840c00000, reserved size: 1073741824
[2022-05-04T08:51:11.592-0500][0.157s] Narrow klass base: 0x0000000800000000, Narrow klass shift: 0, Narrow klass range: 0x100000000
[2022-05-04T08:51:12.992-0500][1.557s] GC(0) Pause Young (Normal) (G1 Evacuation Pause)
[2022-05-04T08:51:12.992-0500][1.557s] GC(0) Using 8 workers of 8 for evacuation
[2022-05-04T08:51:13.005-0500][1.570s] GC(0)   Pre Evacuate Collection Set: 0.1ms
[2022-05-04T08:51:13.005-0500][1.570s] GC(0)   Merge Heap Roots: 0.2ms
[2022-05-04T08:51:13.005-0500][1.570s] GC(0)   Evacuate Collection Set: 12.2ms
[2022-05-04T08:51:13.005-0500][1.570s] GC(0)   Post Evacuate Collection Set: 0.3ms
[2022-05-04T08:51:13.005-0500][1.570s] GC(0)   Other: 0.4ms
[2022-05-04T08:51:13.005-0500][1.570s] GC(0) Eden regions: 29->0(65)
[2022-05-04T08:51:13.005-0500][1.570s] GC(0) Survivor regions: 0->4(4)
[2022-05-04T08:51:13.005-0500][1.570s] GC(0) Old regions: 0->2
[2022-05-04T08:51:13.005-0500][1.570s] GC(0) Archive regions: 2->2
[2022-05-04T08:51:13.005-0500][1.570s] GC(0) Humongous regions: 4->4
[2022-05-04T08:51:13.005-0500][1.570s] GC(0) Metaspace: 9987K(10240K)->9987K(10240K) NonClass: 8828K(8960K)->8828K(8960K) Class: 1159K(1280K)->1159K(1280K)
[2022-05-04T08:51:13.005-0500][1.570s] GC(0) Pause Young (Normal) (G1 Evacuation Pause) 33M->10M(512M) 13.614ms
[2022-05-04T08:51:13.005-0500][1.570s] GC(0) User=0.02s Sys=0.00s Real=0.01s
[2022-05-04T08:51:13.949-0500][2.514s] GC(1) Pause Young (Normal) (G1 Evacuation Pause)
[2022-05-04T08:51:13.949-0500][2.514s] GC(1) Using 8 workers of 8 for evacuation
[2022-05-04T08:51:13.964-0500][2.529s] GC(1)   Pre Evacuate Collection Set: 0.1ms
[2022-05-04T08:51:13.964-0500][2.529s] GC(1)   Merge Heap Roots: 0.1ms
[2022-05-04T08:51:13.964-0500][2.529s] GC(1)   Evacuate Collection Set: 14.7ms
[2022-05-04T08:51:13.964-0500][2.529s] GC(1)   Post Evacuate Collection Set: 0.6ms
[2022-05-04T08:51:13.964-0500][2.529s] GC(1)   Other: 0.1ms
[2022-05-04T08:51:13.964-0500][2.529s] GC(1) Eden regions: 55->0(63)
[2022-05-04T08:51:13.964-0500][2.529s] GC(1) Survivor regions: 4->8(8)
[2022-05-04T08:51:13.964-0500][2.529s] GC(1) Old regions: 2->11
[2022-05-04T08:51:13.964-0500][2.529s] GC(1) Archive regions: 2->2
[2022-05-04T08:51:13.964-0500][2.529s] GC(1) Humongous regions: 4->4
[2022-05-04T08:51:13.964-0500][2.529s] GC(1) Metaspace: 17385K(17728K)->17385K(17728K) NonClass: 15407K(15616K)->15407K(15616K) Class: 1977K(2112K)->1977K(2112K)
[2022-05-04T08:51:13.964-0500][2.529s] GC(1) Pause Young (Normal) (G1 Evacuation Pause) 65M->23M(512M) 15.670ms
[2022-05-04T08:51:13.964-0500][2.529s] GC(1) User=0.04s Sys=0.02s Real=0.02s
[2022-05-04T08:51:14.168-0500][2.733s] GC(2) Pause Young (Concurrent Start) (Metadata GC Threshold)
[2022-05-04T08:51:14.168-0500][2.733s] GC(2) Using 8 workers of 8 for evacuation
[2022-05-04T08:51:14.181-0500][2.746s] GC(2)   Pre Evacuate Collection Set: 0.1ms
[2022-05-04T08:51:14.181-0500][2.746s] GC(2)   Merge Heap Roots: 0.0ms
[2022-05-04T08:51:14.181-0500][2.746s] GC(2)   Evacuate Collection Set: 13.1ms
[2022-05-04T08:51:14.181-0500][2.746s] GC(2)   Post Evacuate Collection Set: 0.3ms
[2022-05-04T08:51:14.181-0500][2.746s] GC(2)   Other: 0.1ms
[2022-05-04T08:51:14.181-0500][2.746s] GC(2) Eden regions: 20->0(76)
[2022-05-04T08:51:14.181-0500][2.746s] GC(2) Survivor regions: 8->1(9)
[2022-05-04T08:51:14.181-0500][2.746s] GC(2) Old regions: 11->20
[2022-05-04T08:51:14.181-0500][2.746s] GC(2) Archive regions: 2->2
[2022-05-04T08:51:14.181-0500][2.746s] GC(2) Humongous regions: 4->4
[2022-05-04T08:51:14.181-0500][2.746s] GC(2) Metaspace: 21236K(21504K)->21236K(21504K) NonClass: 18876K(19008K)->18876K(19008K) Class: 2359K(2496K)->2359K(2496K)
[2022-05-04T08:51:14.181-0500][2.746s] GC(2) Pause Young (Concurrent Start) (Metadata GC Threshold) 43M->24M(512M) 13.740ms
[2022-05-04T08:51:14.181-0500][2.746s] GC(2) User=0.01s Sys=0.01s Real=0.02s
[2022-05-04T08:51:14.182-0500][2.746s] GC(3) Concurrent Mark Cycle
[2022-05-04T08:51:14.182-0500][2.746s] GC(3) Concurrent Clear Claimed Marks
[2022-05-04T08:51:14.182-0500][2.746s] GC(3) Concurrent Clear Claimed Marks 0.017ms
[2022-05-04T08:51:14.182-0500][2.746s] GC(3) Concurrent Scan Root Regions
[2022-05-04T08:51:14.183-0500][2.748s] GC(3) Concurrent Scan Root Regions 1.086ms
[2022-05-04T08:51:14.183-0500][2.748s] GC(3) Concurrent Mark
[2022-05-04T08:51:14.183-0500][2.748s] GC(3) Concurrent Mark From Roots
[2022-05-04T08:51:14.183-0500][2.748s] GC(3) Using 2 workers of 2 for marking
[2022-05-04T08:51:14.190-0500][2.755s] GC(3) Concurrent Mark From Roots 7.104ms
[2022-05-04T08:51:14.190-0500][2.755s] GC(3) Concurrent Preclean
[2022-05-04T08:51:14.190-0500][2.755s] GC(3) Concurrent Preclean 0.025ms
[2022-05-04T08:51:14.190-0500][2.755s] GC(3) Pause Remark
[2022-05-04T08:51:14.198-0500][2.763s] GC(3) Pause Remark 25M->25M(512M) 7.893ms
[2022-05-04T08:51:14.198-0500][2.763s] GC(3) User=0.01s Sys=0.01s Real=0.00s
[2022-05-04T08:51:14.199-0500][2.764s] GC(3) Concurrent Mark 16.344ms
[2022-05-04T08:51:14.200-0500][2.765s] GC(3) Concurrent Rebuild Remembered Sets
[2022-05-04T08:51:14.204-0500][2.769s] GC(3) Concurrent Rebuild Remembered Sets 4.493ms
[2022-05-04T08:51:14.204-0500][2.769s] GC(3) Pause Cleanup
[2022-05-04T08:51:14.205-0500][2.769s] GC(3) Pause Cleanup 25M->25M(512M) 0.081ms
[2022-05-04T08:51:14.205-0500][2.769s] GC(3) User=0.00s Sys=0.00s Real=0.00s
[2022-05-04T08:51:14.206-0500][2.770s] GC(3) Concurrent Cleanup for Next Mark
[2022-05-04T08:51:14.206-0500][2.771s] GC(3) Concurrent Cleanup for Next Mark 0.684ms
[2022-05-04T08:51:14.206-0500][2.771s] GC(3) Concurrent Mark Cycle 24.777ms
[2022-05-04T08:51:16.023-0500][4.587s] GC(4) Pause Young (Prepare Mixed) (Metadata GC Threshold)
[2022-05-04T08:51:16.023-0500][4.587s] GC(4) Using 8 workers of 8 for evacuation
[2022-05-04T08:51:16.029-0500][4.594s] GC(4)   Pre Evacuate Collection Set: 0.1ms
[2022-05-04T08:51:16.029-0500][4.594s] GC(4)   Merge Heap Roots: 0.0ms
[2022-05-04T08:51:16.029-0500][4.594s] GC(4)   Evacuate Collection Set: 5.9ms
[2022-05-04T08:51:16.029-0500][4.594s] GC(4)   Post Evacuate Collection Set: 0.4ms
[2022-05-04T08:51:16.029-0500][4.594s] GC(4)   Other: 0.1ms
[2022-05-04T08:51:16.029-0500][4.594s] GC(4) Eden regions: 74->0(18)
[2022-05-04T08:51:16.029-0500][4.594s] GC(4) Survivor regions: 1->7(10)
[2022-05-04T08:51:16.029-0500][4.594s] GC(4) Old regions: 20->20
[2022-05-04T08:51:16.029-0500][4.594s] GC(4) Archive regions: 2->2
[2022-05-04T08:51:16.029-0500][4.594s] GC(4) Humongous regions: 4->4
[2022-05-04T08:51:16.029-0500][4.594s] GC(4) Metaspace: 35592K(35968K)->35592K(35968K) NonClass: 31451K(31616K)->31451K(31616K) Class: 4141K(4352K)->4141K(4352K)
[2022-05-04T08:51:16.029-0500][4.594s] GC(4) Pause Young (Prepare Mixed) (Metadata GC Threshold) 98M->30M(512M) 6.687ms
[2022-05-04T08:51:16.029-0500][4.594s] GC(4) User=0.03s Sys=0.01s Real=0.00s
[2022-05-04T08:51:16.179-0500][4.744s] GC(5) Pause Young (Mixed) (Metadata GC Threshold)
[2022-05-04T08:51:16.179-0500][4.744s] GC(5) Using 8 workers of 8 for evacuation
[2022-05-04T08:51:16.187-0500][4.752s] GC(5)   Pre Evacuate Collection Set: 0.0ms
[2022-05-04T08:51:16.188-0500][4.752s] GC(5)   Merge Heap Roots: 0.1ms
[2022-05-04T08:51:16.188-0500][4.752s] GC(5)   Evacuate Collection Set: 8.2ms
[2022-05-04T08:51:16.188-0500][4.752s] GC(5)   Post Evacuate Collection Set: 0.3ms
[2022-05-04T08:51:16.188-0500][4.752s] GC(5)   Other: 0.0ms
[2022-05-04T08:51:16.188-0500][4.752s] GC(5) Eden regions: 7->0(306)
[2022-05-04T08:51:16.188-0500][4.752s] GC(5) Survivor regions: 7->1(4)
[2022-05-04T08:51:16.188-0500][4.752s] GC(5) Old regions: 20->25
[2022-05-04T08:51:16.188-0500][4.752s] GC(5) Archive regions: 2->2
[2022-05-04T08:51:16.188-0500][4.752s] GC(5) Humongous regions: 4->4
[2022-05-04T08:51:16.188-0500][4.752s] GC(5) Metaspace: 35860K(36288K)->35860K(36288K) NonClass: 31706K(31936K)->31706K(31936K) Class: 4153K(4352K)->4153K(4352K)
[2022-05-04T08:51:16.188-0500][4.752s] GC(5) Pause Young (Mixed) (Metadata GC Threshold) 36M->30M(512M) 8.841ms
[2022-05-04T08:51:16.188-0500][4.752s] GC(5) User=0.02s Sys=0.01s Real=0.01s
[2022-05-04T08:51:16.217-0500][4.782s] GC(6) Pause Young (Concurrent Start) (Metadata GC Threshold)
[2022-05-04T08:51:16.218-0500][4.782s] GC(6) Using 8 workers of 8 for evacuation
[2022-05-04T08:51:16.219-0500][4.784s] GC(6)   Pre Evacuate Collection Set: 0.1ms
[2022-05-04T08:51:16.219-0500][4.784s] GC(6)   Merge Heap Roots: 0.0ms
[2022-05-04T08:51:16.219-0500][4.784s] GC(6)   Evacuate Collection Set: 1.0ms
[2022-05-04T08:51:16.219-0500][4.784s] GC(6)   Post Evacuate Collection Set: 0.2ms
[2022-05-04T08:51:16.219-0500][4.784s] GC(6)   Other: 0.0ms
[2022-05-04T08:51:16.219-0500][4.784s] GC(6) Eden regions: 2->0(306)
[2022-05-04T08:51:16.219-0500][4.784s] GC(6) Survivor regions: 1->1(39)
[2022-05-04T08:51:16.219-0500][4.784s] GC(6) Old regions: 25->25
[2022-05-04T08:51:16.219-0500][4.784s] GC(6) Archive regions: 2->2
[2022-05-04T08:51:16.219-0500][4.784s] GC(6) Humongous regions: 4->4
[2022-05-04T08:51:16.219-0500][4.784s] GC(6) Metaspace: 36188K(36608K)->36188K(36608K) NonClass: 31991K(32192K)->31991K(32192K) Class: 4196K(4416K)->4196K(4416K)
[2022-05-04T08:51:16.219-0500][4.784s] GC(6) Pause Young (Concurrent Start) (Metadata GC Threshold) 32M->30M(512M) 1.502ms
[2022-05-04T08:51:16.219-0500][4.784s] GC(7) Concurrent Mark Cycle
[2022-05-04T08:51:16.219-0500][4.784s] GC(6) User=0.01s Sys=0.00s Real=0.00s
[2022-05-04T08:51:16.219-0500][4.784s] GC(7) Concurrent Clear Claimed Marks
[2022-05-04T08:51:16.219-0500][4.784s] GC(7) Concurrent Clear Claimed Marks 0.017ms
[2022-05-04T08:51:16.219-0500][4.784s] GC(7) Concurrent Scan Root Regions
[2022-05-04T08:51:16.219-0500][4.784s] GC(7) Concurrent Scan Root Regions 0.279ms
[2022-05-04T08:51:16.219-0500][4.784s] GC(7) Concurrent Mark
[2022-05-04T08:51:16.219-0500][4.784s] GC(7) Concurrent Mark From Roots
[2022-05-04T08:51:16.219-0500][4.784s] GC(7) Using 2 workers of 2 for marking
[2022-05-04T08:51:16.230-0500][4.794s] GC(7) Concurrent Mark From Roots 10.203ms
[2022-05-04T08:51:16.230-0500][4.794s] GC(7) Concurrent Preclean
[2022-05-04T08:51:16.230-0500][4.794s] GC(7) Concurrent Preclean 0.023ms
[2022-05-04T08:51:16.230-0500][4.795s] GC(7) Pause Remark
[2022-05-04T08:51:16.244-0500][4.809s] GC(7) Pause Remark 32M->32M(512M) 14.492ms
[2022-05-04T08:51:16.244-0500][4.809s] GC(7) User=0.03s Sys=0.02s Real=0.01s
[2022-05-04T08:51:16.244-0500][4.809s] GC(7) Concurrent Mark 24.950ms
[2022-05-04T08:51:16.244-0500][4.809s] GC(7) Concurrent Rebuild Remembered Sets
[2022-05-04T08:51:16.254-0500][4.819s] GC(7) Concurrent Rebuild Remembered Sets 9.443ms
[2022-05-04T08:51:16.254-0500][4.819s] GC(7) Pause Cleanup
[2022-05-04T08:51:16.254-0500][4.819s] GC(7) Pause Cleanup 32M->32M(512M) 0.112ms
[2022-05-04T08:51:16.254-0500][4.819s] GC(7) User=0.00s Sys=0.00s Real=0.00s
[2022-05-04T08:51:16.254-0500][4.819s] GC(7) Concurrent Cleanup for Next Mark
[2022-05-04T08:51:16.256-0500][4.821s] GC(7) Concurrent Cleanup for Next Mark 1.898ms
[2022-05-04T08:51:16.256-0500][4.821s] GC(7) Concurrent Mark Cycle 37.031ms
[2022-05-04T16:20:36.147-0500][14777.394s] GC(8) Pause Young (Normal) (G1 Evacuation Pause)
[2022-05-04T16:20:36.153-0500][14777.400s] GC(8) Using 8 workers of 8 for evacuation
[2022-05-04T16:20:36.588-0500][14777.835s] GC(8) MMU target violated: 251.0ms (250.0ms/251.0ms)
[2022-05-04T16:20:36.678-0500][14777.925s] GC(8)   Pre Evacuate Collection Set: 6.0ms
[2022-05-04T16:20:36.678-0500][14777.925s] GC(8)   Merge Heap Roots: 5.0ms
[2022-05-04T16:20:36.678-0500][14777.925s] GC(8)   Evacuate Collection Set: 397.9ms
[2022-05-04T16:20:36.678-0500][14777.925s] GC(8)   Post Evacuate Collection Set: 23.6ms
[2022-05-04T16:20:36.679-0500][14777.926s] GC(8)   Other: 93.4ms
[2022-05-04T16:20:36.680-0500][14777.927s] GC(8) Eden regions: 306->0(232)
[2022-05-04T16:20:36.680-0500][14777.927s] GC(8) Survivor regions: 1->24(39)
[2022-05-04T16:20:36.680-0500][14777.927s] GC(8) Old regions: 25->25
[2022-05-04T16:20:36.680-0500][14777.927s] GC(8) Archive regions: 2->2
[2022-05-04T16:20:36.680-0500][14777.927s] GC(8) Humongous regions: 7->7
[2022-05-04T16:20:36.680-0500][14777.927s] GC(8) Metaspace: 48730K(49344K)->48730K(49344K) NonClass: 43070K(43392K)->43070K(43392K) Class: 5659K(5952K)->5659K(5952K)
[2022-05-04T16:20:36.681-0500][14777.928s] GC(8) Pause Young (Normal) (G1 Evacuation Pause) 339M->56M(512M) 533.938ms
[2022-05-04T16:20:36.681-0500][14777.928s] GC(8) User=0.06s Sys=0.26s Real=0.54s
[2022-05-04T17:14:08.583-0500][17989.759s] Heap
[2022-05-04T17:14:08.584-0500][17989.760s]  garbage-first heap   total 524288K, used 109721K [0x00000007e0000000, 0x0000000800000000)
[2022-05-04T17:14:08.584-0500][17989.760s]   region size 1024K, 75 young (76800K), 24 survivors (24576K)
[2022-05-04T17:14:08.584-0500][17989.760s]  Metaspace       used 49160K, committed 49728K, reserved 1114112K
[2022-05-04T17:14:08.584-0500][17989.760s]   class space    used 5715K, committed 6016K, reserved 1048576K
