[2022-05-02T12:39:22.944-0500][0.010s] CardTable entry size: 512
[2022-05-02T12:39:22.944-0500][0.010s] Using G1
[2022-05-02T12:39:23.090-0500][0.155s] Version: 18+36-2087 (release)
[2022-05-02T12:39:23.090-0500][0.155s] CPUs: 8 total, 8 available
[2022-05-02T12:39:23.090-0500][0.156s] Memory: 8192M
[2022-05-02T12:39:23.090-0500][0.156s] Large Page Support: Disabled
[2022-05-02T12:39:23.090-0500][0.156s] NUMA Support: Disabled
[2022-05-02T12:39:23.090-0500][0.156s] Compressed Oops: Enabled (Zero based)
[2022-05-02T12:39:23.090-0500][0.156s] Heap Region Size: 1M
[2022-05-02T12:39:23.090-0500][0.156s] Heap Min Capacity: 512M
[2022-05-02T12:39:23.090-0500][0.156s] Heap Initial Capacity: 512M
[2022-05-02T12:39:23.090-0500][0.156s] Heap Max Capacity: 512M
[2022-05-02T12:39:23.090-0500][0.156s] Pre-touch: Enabled
[2022-05-02T12:39:23.090-0500][0.156s] Parallel Workers: 8
[2022-05-02T12:39:23.090-0500][0.156s] Concurrent Workers: 2
[2022-05-02T12:39:23.090-0500][0.156s] Concurrent Refinement Workers: 8
[2022-05-02T12:39:23.090-0500][0.156s] Periodic GC: Disabled
[2022-05-02T12:39:23.090-0500][0.156s] CDS archive(s) mapped at: [0x0000000800000000-0x0000000800ba8000-0x0000000800ba8000), size 12222464, SharedBaseAddress: 0x0000000800000000, ArchiveRelocationMode: 0.
[2022-05-02T12:39:23.090-0500][0.156s] Compressed class space mapped at: 0x0000000800c00000-0x0000000840c00000, reserved size: 1073741824
[2022-05-02T12:39:23.090-0500][0.156s] Narrow klass base: 0x0000000800000000, Narrow klass shift: 0, Narrow klass range: 0x100000000
[2022-05-02T12:39:24.271-0500][1.337s] GC(0) Pause Young (Normal) (G1 Evacuation Pause)
[2022-05-02T12:39:24.274-0500][1.340s] GC(0) Using 8 workers of 8 for evacuation
[2022-05-02T12:39:24.289-0500][1.355s] GC(0)   Pre Evacuate Collection Set: 0.1ms
[2022-05-02T12:39:24.289-0500][1.355s] GC(0)   Merge Heap Roots: 1.4ms
[2022-05-02T12:39:24.289-0500][1.355s] GC(0)   Evacuate Collection Set: 12.7ms
[2022-05-02T12:39:24.289-0500][1.355s] GC(0)   Post Evacuate Collection Set: 0.4ms
[2022-05-02T12:39:24.289-0500][1.355s] GC(0)   Other: 3.1ms
[2022-05-02T12:39:24.289-0500][1.355s] GC(0) Eden regions: 29->0(64)
[2022-05-02T12:39:24.289-0500][1.355s] GC(0) Survivor regions: 0->4(4)
[2022-05-02T12:39:24.289-0500][1.355s] GC(0) Old regions: 0->2
[2022-05-02T12:39:24.289-0500][1.355s] GC(0) Archive regions: 2->2
[2022-05-02T12:39:24.289-0500][1.355s] GC(0) Humongous regions: 4->4
[2022-05-02T12:39:24.289-0500][1.355s] GC(0) Metaspace: 9982K(10176K)->9982K(10176K) NonClass: 8823K(8896K)->8823K(8896K) Class: 1159K(1280K)->1159K(1280K)
[2022-05-02T12:39:24.290-0500][1.355s] GC(0) Pause Young (Normal) (G1 Evacuation Pause) 33M->10M(512M) 18.606ms
[2022-05-02T12:39:24.290-0500][1.355s] GC(0) User=0.02s Sys=0.01s Real=0.02s
[2022-05-02T12:39:25.115-0500][2.181s] GC(1) Pause Young (Normal) (G1 Evacuation Pause)
[2022-05-02T12:39:25.115-0500][2.181s] GC(1) Using 8 workers of 8 for evacuation
[2022-05-02T12:39:25.131-0500][2.197s] GC(1)   Pre Evacuate Collection Set: 0.1ms
[2022-05-02T12:39:25.131-0500][2.197s] GC(1)   Merge Heap Roots: 0.1ms
[2022-05-02T12:39:25.131-0500][2.197s] GC(1)   Evacuate Collection Set: 15.8ms
[2022-05-02T12:39:25.132-0500][2.197s] GC(1)   Post Evacuate Collection Set: 0.4ms
[2022-05-02T12:39:25.132-0500][2.197s] GC(1)   Other: 0.1ms
[2022-05-02T12:39:25.132-0500][2.197s] GC(1) Eden regions: 49->0(58)
[2022-05-02T12:39:25.132-0500][2.197s] GC(1) Survivor regions: 4->7(7)
[2022-05-02T12:39:25.132-0500][2.197s] GC(1) Old regions: 2->12
[2022-05-02T12:39:25.132-0500][2.197s] GC(1) Archive regions: 2->2
[2022-05-02T12:39:25.132-0500][2.197s] GC(1) Humongous regions: 4->4
[2022-05-02T12:39:25.132-0500][2.197s] GC(1) Metaspace: 15987K(16320K)->15987K(16320K) NonClass: 14159K(14336K)->14159K(14336K) Class: 1828K(1984K)->1828K(1984K)
[2022-05-02T12:39:25.132-0500][2.197s] GC(1) Pause Young (Normal) (G1 Evacuation Pause) 59M->23M(512M) 16.708ms
[2022-05-02T12:39:25.132-0500][2.198s] GC(1) User=0.04s Sys=0.02s Real=0.02s
[2022-05-02T12:39:25.464-0500][2.530s] GC(2) Pause Young (Concurrent Start) (Metadata GC Threshold)
[2022-05-02T12:39:25.464-0500][2.530s] GC(2) Using 8 workers of 8 for evacuation
[2022-05-02T12:39:25.468-0500][2.534s] GC(2)   Pre Evacuate Collection Set: 0.1ms
[2022-05-02T12:39:25.468-0500][2.534s] GC(2)   Merge Heap Roots: 0.0ms
[2022-05-02T12:39:25.468-0500][2.534s] GC(2)   Evacuate Collection Set: 3.1ms
[2022-05-02T12:39:25.468-0500][2.534s] GC(2)   Post Evacuate Collection Set: 0.3ms
[2022-05-02T12:39:25.468-0500][2.534s] GC(2)   Other: 0.1ms
[2022-05-02T12:39:25.468-0500][2.534s] GC(2) Eden regions: 26->0(71)
[2022-05-02T12:39:25.468-0500][2.534s] GC(2) Survivor regions: 7->1(9)
[2022-05-02T12:39:25.468-0500][2.534s] GC(2) Old regions: 12->19
[2022-05-02T12:39:25.468-0500][2.534s] GC(2) Archive regions: 2->2
[2022-05-02T12:39:25.468-0500][2.534s] GC(2) Humongous regions: 4->4
[2022-05-02T12:39:25.468-0500][2.534s] GC(2) Metaspace: 21212K(21504K)->21212K(21504K) NonClass: 18853K(19008K)->18853K(19008K) Class: 2358K(2496K)->2358K(2496K)
[2022-05-02T12:39:25.468-0500][2.534s] GC(2) Pause Young (Concurrent Start) (Metadata GC Threshold) 48M->24M(512M) 3.711ms
[2022-05-02T12:39:25.468-0500][2.534s] GC(2) User=0.01s Sys=0.00s Real=0.00s
[2022-05-02T12:39:25.468-0500][2.534s] GC(3) Concurrent Mark Cycle
[2022-05-02T12:39:25.468-0500][2.534s] GC(3) Concurrent Clear Claimed Marks
[2022-05-02T12:39:25.468-0500][2.534s] GC(3) Concurrent Clear Claimed Marks 0.015ms
[2022-05-02T12:39:25.468-0500][2.534s] GC(3) Concurrent Scan Root Regions
[2022-05-02T12:39:25.469-0500][2.535s] GC(3) Concurrent Scan Root Regions 1.037ms
[2022-05-02T12:39:25.469-0500][2.535s] GC(3) Concurrent Mark
[2022-05-02T12:39:25.469-0500][2.535s] GC(3) Concurrent Mark From Roots
[2022-05-02T12:39:25.469-0500][2.535s] GC(3) Using 2 workers of 2 for marking
[2022-05-02T12:39:25.475-0500][2.541s] GC(3) Concurrent Mark From Roots 5.847ms
[2022-05-02T12:39:25.475-0500][2.541s] GC(3) Concurrent Preclean
[2022-05-02T12:39:25.475-0500][2.541s] GC(3) Concurrent Preclean 0.065ms
[2022-05-02T12:39:25.475-0500][2.541s] GC(3) Pause Remark
[2022-05-02T12:39:25.495-0500][2.561s] GC(3) Pause Remark 25M->25M(512M) 19.668ms
[2022-05-02T12:39:25.495-0500][2.561s] GC(3) User=0.01s Sys=0.01s Real=0.02s
[2022-05-02T12:39:25.495-0500][2.561s] GC(3) Concurrent Mark 26.289ms
[2022-05-02T12:39:25.495-0500][2.561s] GC(3) Concurrent Rebuild Remembered Sets
[2022-05-02T12:39:25.495-0500][2.561s] GC(3) Concurrent Rebuild Remembered Sets 0.011ms
[2022-05-02T12:39:25.496-0500][2.562s] GC(3) Pause Cleanup
[2022-05-02T12:39:25.496-0500][2.562s] GC(3) Pause Cleanup 25M->25M(512M) 0.012ms
[2022-05-02T12:39:25.496-0500][2.562s] GC(3) User=0.00s Sys=0.00s Real=0.00s
[2022-05-02T12:39:25.496-0500][2.562s] GC(3) Concurrent Cleanup for Next Mark
[2022-05-02T12:39:25.497-0500][2.562s] GC(3) Concurrent Cleanup for Next Mark 0.727ms
[2022-05-02T12:39:25.497-0500][2.563s] GC(3) Concurrent Mark Cycle 28.603ms
[2022-05-02T12:39:27.352-0500][4.418s] GC(4) Pause Young (Normal) (G1 Evacuation Pause)
[2022-05-02T12:39:27.352-0500][4.418s] GC(4) Using 8 workers of 8 for evacuation
[2022-05-02T12:39:27.358-0500][4.424s] GC(4)   Pre Evacuate Collection Set: 0.0ms
[2022-05-02T12:39:27.358-0500][4.424s] GC(4)   Merge Heap Roots: 0.1ms
[2022-05-02T12:39:27.358-0500][4.424s] GC(4)   Evacuate Collection Set: 5.5ms
[2022-05-02T12:39:27.359-0500][4.424s] GC(4)   Post Evacuate Collection Set: 0.6ms
[2022-05-02T12:39:27.359-0500][4.424s] GC(4)   Other: 0.1ms
[2022-05-02T12:39:27.359-0500][4.424s] GC(4) Eden regions: 71->0(300)
[2022-05-02T12:39:27.359-0500][4.424s] GC(4) Survivor regions: 1->7(9)
[2022-05-02T12:39:27.359-0500][4.424s] GC(4) Old regions: 19->19
[2022-05-02T12:39:27.359-0500][4.424s] GC(4) Archive regions: 2->2
[2022-05-02T12:39:27.359-0500][4.424s] GC(4) Humongous regions: 4->4
[2022-05-02T12:39:27.359-0500][4.424s] GC(4) Metaspace: 35049K(35456K)->35049K(35456K) NonClass: 30978K(31168K)->30978K(31168K) Class: 4071K(4288K)->4071K(4288K)
[2022-05-02T12:39:27.359-0500][4.425s] GC(4) Pause Young (Normal) (G1 Evacuation Pause) 95M->30M(512M) 6.377ms
[2022-05-02T12:39:27.359-0500][4.425s] GC(4) User=0.02s Sys=0.00s Real=0.00s
[2022-05-02T12:39:27.447-0500][4.513s] GC(5) Pause Young (Concurrent Start) (Metadata GC Threshold)
[2022-05-02T12:39:27.447-0500][4.513s] GC(5) Using 8 workers of 8 for evacuation
[2022-05-02T12:39:27.450-0500][4.516s] GC(5)   Pre Evacuate Collection Set: 0.1ms
[2022-05-02T12:39:27.450-0500][4.516s] GC(5)   Merge Heap Roots: 0.1ms
[2022-05-02T12:39:27.450-0500][4.516s] GC(5)   Evacuate Collection Set: 2.4ms
[2022-05-02T12:39:27.450-0500][4.516s] GC(5)   Post Evacuate Collection Set: 0.4ms
[2022-05-02T12:39:27.450-0500][4.516s] GC(5)   Other: 0.0ms
[2022-05-02T12:39:27.450-0500][4.516s] GC(5) Eden regions: 5->0(300)
[2022-05-02T12:39:27.450-0500][4.516s] GC(5) Survivor regions: 7->7(39)
[2022-05-02T12:39:27.450-0500][4.516s] GC(5) Old regions: 19->19
[2022-05-02T12:39:27.450-0500][4.516s] GC(5) Archive regions: 2->2
[2022-05-02T12:39:27.450-0500][4.516s] GC(5) Humongous regions: 4->4
[2022-05-02T12:39:27.450-0500][4.516s] GC(5) Metaspace: 35747K(36160K)->35747K(36160K) NonClass: 31594K(31808K)->31594K(31808K) Class: 4153K(4352K)->4153K(4352K)
[2022-05-02T12:39:27.450-0500][4.516s] GC(5) Pause Young (Concurrent Start) (Metadata GC Threshold) 34M->30M(512M) 3.163ms
[2022-05-02T12:39:27.450-0500][4.516s] GC(5) User=0.02s Sys=0.00s Real=0.01s
[2022-05-02T12:39:27.450-0500][4.516s] GC(6) Concurrent Mark Cycle
[2022-05-02T12:39:27.450-0500][4.516s] GC(6) Concurrent Clear Claimed Marks
[2022-05-02T12:39:27.450-0500][4.516s] GC(6) Concurrent Clear Claimed Marks 0.011ms
[2022-05-02T12:39:27.450-0500][4.516s] GC(6) Concurrent Scan Root Regions
[2022-05-02T12:39:27.453-0500][4.519s] GC(6) Concurrent Scan Root Regions 2.443ms
[2022-05-02T12:39:27.453-0500][4.519s] GC(6) Concurrent Mark
[2022-05-02T12:39:27.453-0500][4.519s] GC(6) Concurrent Mark From Roots
[2022-05-02T12:39:27.453-0500][4.519s] GC(6) Using 2 workers of 2 for marking
[2022-05-02T12:39:27.461-0500][4.527s] GC(6) Concurrent Mark From Roots 7.461ms
[2022-05-02T12:39:27.461-0500][4.527s] GC(6) Concurrent Preclean
[2022-05-02T12:39:27.461-0500][4.527s] GC(6) Concurrent Preclean 0.048ms
[2022-05-02T12:39:27.462-0500][4.528s] GC(6) Pause Remark
[2022-05-02T12:39:27.473-0500][4.538s] GC(6) Pause Remark 32M->32M(512M) 10.878ms
[2022-05-02T12:39:27.473-0500][4.539s] GC(6) User=0.01s Sys=0.01s Real=0.01s
[2022-05-02T12:39:27.473-0500][4.539s] GC(6) Concurrent Mark 19.450ms
[2022-05-02T12:39:27.473-0500][4.539s] GC(6) Concurrent Rebuild Remembered Sets
[2022-05-02T12:39:27.477-0500][4.543s] GC(6) Concurrent Rebuild Remembered Sets 4.636ms
[2022-05-02T12:39:27.478-0500][4.544s] GC(6) Pause Cleanup
[2022-05-02T12:39:27.478-0500][4.544s] GC(6) Pause Cleanup 32M->32M(512M) 0.074ms
[2022-05-02T12:39:27.478-0500][4.544s] GC(6) User=0.00s Sys=0.00s Real=0.00s
[2022-05-02T12:39:27.478-0500][4.544s] GC(6) Concurrent Cleanup for Next Mark
[2022-05-02T12:39:27.481-0500][4.547s] GC(6) Concurrent Cleanup for Next Mark 3.507ms
[2022-05-02T12:39:27.481-0500][4.547s] GC(6) Concurrent Mark Cycle 31.191ms
[2022-05-02T19:13:45.558-0500][16575.988s] GC(7) Pause Young (Normal) (G1 Evacuation Pause)
[2022-05-02T19:13:45.562-0500][16575.992s] GC(7) Using 8 workers of 8 for evacuation
[2022-05-02T19:13:45.701-0500][16576.131s] GC(7)   Pre Evacuate Collection Set: 1.9ms
[2022-05-02T19:13:45.701-0500][16576.131s] GC(7)   Merge Heap Roots: 2.2ms
[2022-05-02T19:13:45.701-0500][16576.131s] GC(7)   Evacuate Collection Set: 128.6ms
[2022-05-02T19:13:45.701-0500][16576.131s] GC(7)   Post Evacuate Collection Set: 5.8ms
[2022-05-02T19:13:45.701-0500][16576.131s] GC(7)   Other: 1.4ms
[2022-05-02T19:13:45.701-0500][16576.131s] GC(7) Eden regions: 300->0(281)
[2022-05-02T19:13:45.701-0500][16576.131s] GC(7) Survivor regions: 7->26(39)
[2022-05-02T19:13:45.701-0500][16576.131s] GC(7) Old regions: 19->19
[2022-05-02T19:13:45.701-0500][16576.131s] GC(7) Archive regions: 2->2
[2022-05-02T19:13:45.701-0500][16576.131s] GC(7) Humongous regions: 7->7
[2022-05-02T19:13:45.701-0500][16576.131s] GC(7) Metaspace: 48982K(49536K)->48982K(49536K) NonClass: 43241K(43520K)->43241K(43520K) Class: 5741K(6016K)->5741K(6016K)
[2022-05-02T19:13:45.702-0500][16576.132s] GC(7) Pause Young (Normal) (G1 Evacuation Pause) 333M->52M(512M) 144.171ms
[2022-05-02T19:13:45.702-0500][16576.132s] GC(7) User=0.07s Sys=0.17s Real=0.15s
[2022-05-02T21:15:31.904-0500][21831.159s] GC(8) Pause Young (Normal) (G1 Evacuation Pause)
[2022-05-02T21:15:31.905-0500][21831.161s] GC(8) Using 8 workers of 8 for evacuation
[2022-05-02T21:15:32.006-0500][21831.261s] GC(8)   Pre Evacuate Collection Set: 1.4ms
[2022-05-02T21:15:32.006-0500][21831.261s] GC(8)   Merge Heap Roots: 1.2ms
[2022-05-02T21:15:32.006-0500][21831.261s] GC(8)   Evacuate Collection Set: 88.2ms
[2022-05-02T21:15:32.006-0500][21831.261s] GC(8)   Post Evacuate Collection Set: 9.0ms
[2022-05-02T21:15:32.006-0500][21831.262s] GC(8)   Other: 0.4ms
[2022-05-02T21:15:32.006-0500][21831.262s] GC(8) Eden regions: 281->0(275)
[2022-05-02T21:15:32.006-0500][21831.262s] GC(8) Survivor regions: 26->32(39)
[2022-05-02T21:15:32.006-0500][21831.262s] GC(8) Old regions: 19->25
[2022-05-02T21:15:32.006-0500][21831.262s] GC(8) Archive regions: 2->2
[2022-05-02T21:15:32.006-0500][21831.262s] GC(8) Humongous regions: 9->9
[2022-05-02T21:15:32.006-0500][21831.262s] GC(8) Metaspace: 50850K(51456K)->50850K(51456K) NonClass: 44989K(45312K)->44989K(45312K) Class: 5860K(6144K)->5860K(6144K)
[2022-05-02T21:15:32.006-0500][21831.262s] GC(8) Pause Young (Normal) (G1 Evacuation Pause) 335M->66M(512M) 102.428ms
[2022-05-02T21:15:32.006-0500][21831.262s] GC(8) User=0.05s Sys=0.08s Real=0.10s
[2022-05-02T22:31:46.346-0500][24381.719s] GC(9) Pause Young (Normal) (G1 Evacuation Pause)
[2022-05-02T22:31:46.348-0500][24381.721s] GC(9) Using 8 workers of 8 for evacuation
[2022-05-02T22:31:46.505-0500][24381.878s] GC(9)   Pre Evacuate Collection Set: 3.3ms
[2022-05-02T22:31:46.505-0500][24381.878s] GC(9)   Merge Heap Roots: 1.2ms
[2022-05-02T22:31:46.505-0500][24381.878s] GC(9)   Evacuate Collection Set: 115.6ms
[2022-05-02T22:31:46.505-0500][24381.878s] GC(9)   Post Evacuate Collection Set: 34.9ms
[2022-05-02T22:31:46.505-0500][24381.878s] GC(9)   Other: 0.4ms
[2022-05-02T22:31:46.505-0500][24381.878s] GC(9) Eden regions: 275->0(301)
[2022-05-02T22:31:46.505-0500][24381.878s] GC(9) Survivor regions: 32->6(39)
[2022-05-02T22:31:46.505-0500][24381.878s] GC(9) Old regions: 25->42
[2022-05-02T22:31:46.505-0500][24381.878s] GC(9) Archive regions: 2->2
[2022-05-02T22:31:46.505-0500][24381.878s] GC(9) Humongous regions: 11->7
[2022-05-02T22:31:46.505-0500][24381.878s] GC(9) Metaspace: 51505K(52096K)->51505K(52096K) NonClass: 45589K(45888K)->45589K(45888K) Class: 5915K(6208K)->5915K(6208K)
[2022-05-02T22:31:46.505-0500][24381.878s] GC(9) Pause Young (Normal) (G1 Evacuation Pause) 343M->54M(512M) 158.658ms
[2022-05-02T22:31:46.505-0500][24381.878s] GC(9) User=0.07s Sys=0.14s Real=0.16s
[2022-05-02T22:45:40.382-0500][25215.763s] GC(10) Pause Young (Normal) (G1 Evacuation Pause)
[2022-05-02T22:45:40.382-0500][25215.763s] GC(10) Using 8 workers of 8 for evacuation
[2022-05-02T22:45:40.401-0500][25215.782s] GC(10)   Pre Evacuate Collection Set: 0.5ms
[2022-05-02T22:45:40.401-0500][25215.782s] GC(10)   Merge Heap Roots: 0.4ms
[2022-05-02T22:45:40.401-0500][25215.782s] GC(10)   Evacuate Collection Set: 16.2ms
[2022-05-02T22:45:40.401-0500][25215.782s] GC(10)   Post Evacuate Collection Set: 0.8ms
[2022-05-02T22:45:40.401-0500][25215.782s] GC(10)   Other: 0.1ms
[2022-05-02T22:45:40.401-0500][25215.782s] GC(10) Eden regions: 301->0(304)
[2022-05-02T22:45:40.401-0500][25215.782s] GC(10) Survivor regions: 6->3(39)
[2022-05-02T22:45:40.401-0500][25215.782s] GC(10) Old regions: 42->42
[2022-05-02T22:45:40.401-0500][25215.782s] GC(10) Archive regions: 2->2
[2022-05-02T22:45:40.401-0500][25215.782s] GC(10) Humongous regions: 9->7
[2022-05-02T22:45:40.401-0500][25215.782s] GC(10) Metaspace: 51850K(52416K)->51850K(52416K) NonClass: 45899K(46208K)->45899K(46208K) Class: 5951K(6208K)->5951K(6208K)
[2022-05-02T22:45:40.401-0500][25215.782s] GC(10) Pause Young (Normal) (G1 Evacuation Pause) 357M->52M(512M) 19.439ms
[2022-05-02T22:45:40.401-0500][25215.782s] GC(10) User=0.03s Sys=0.02s Real=0.02s
[2022-05-02T22:46:23.857-0500][25259.238s] GC(11) Pause Young (Normal) (G1 Evacuation Pause)
[2022-05-02T22:46:23.857-0500][25259.239s] GC(11) Using 8 workers of 8 for evacuation
[2022-05-02T22:46:23.875-0500][25259.257s] GC(11)   Pre Evacuate Collection Set: 0.2ms
[2022-05-02T22:46:23.875-0500][25259.257s] GC(11)   Merge Heap Roots: 0.2ms
[2022-05-02T22:46:23.875-0500][25259.257s] GC(11)   Evacuate Collection Set: 16.6ms
[2022-05-02T22:46:23.875-0500][25259.257s] GC(11)   Post Evacuate Collection Set: 0.8ms
[2022-05-02T22:46:23.875-0500][25259.257s] GC(11)   Other: 0.1ms
[2022-05-02T22:46:23.875-0500][25259.257s] GC(11) Eden regions: 304->0(292)
[2022-05-02T22:46:23.875-0500][25259.257s] GC(11) Survivor regions: 3->15(39)
[2022-05-02T22:46:23.875-0500][25259.257s] GC(11) Old regions: 42->42
[2022-05-02T22:46:23.875-0500][25259.257s] GC(11) Archive regions: 2->2
[2022-05-02T22:46:23.875-0500][25259.257s] GC(11) Humongous regions: 9->9
[2022-05-02T22:46:23.875-0500][25259.257s] GC(11) Metaspace: 51863K(52480K)->51863K(52480K) NonClass: 45909K(46208K)->45909K(46208K) Class: 5953K(6272K)->5953K(6272K)
[2022-05-02T22:46:23.875-0500][25259.257s] GC(11) Pause Young (Normal) (G1 Evacuation Pause) 358M->66M(512M) 18.386ms
[2022-05-02T22:46:23.875-0500][25259.257s] GC(11) User=0.01s Sys=0.03s Real=0.02s
[2022-05-03T00:43:29.571-0500][27310.799s] GC(12) Pause Young (Normal) (G1 Evacuation Pause)
[2022-05-03T00:43:29.572-0500][27310.800s] GC(12) Using 8 workers of 8 for evacuation
[2022-05-03T00:43:29.600-0500][27310.828s] GC(12)   Pre Evacuate Collection Set: 0.7ms
[2022-05-03T00:43:29.600-0500][27310.828s] GC(12)   Merge Heap Roots: 0.1ms
[2022-05-03T00:43:29.600-0500][27310.828s] GC(12)   Evacuate Collection Set: 22.8ms
[2022-05-03T00:43:29.600-0500][27310.828s] GC(12)   Post Evacuate Collection Set: 2.0ms
[2022-05-03T00:43:29.600-0500][27310.828s] GC(12)   Other: 1.0ms
[2022-05-03T00:43:29.600-0500][27310.828s] GC(12) Eden regions: 292->0(296)
[2022-05-03T00:43:29.600-0500][27310.828s] GC(12) Survivor regions: 15->11(39)
[2022-05-03T00:43:29.600-0500][27310.828s] GC(12) Old regions: 42->42
[2022-05-03T00:43:29.600-0500][27310.828s] GC(12) Archive regions: 2->2
[2022-05-03T00:43:29.600-0500][27310.828s] GC(12) Humongous regions: 10->8
[2022-05-03T00:43:29.600-0500][27310.828s] GC(12) Metaspace: 51969K(52608K)->51969K(52608K) NonClass: 46014K(46336K)->46014K(46336K) Class: 5954K(6272K)->5954K(6272K)
[2022-05-03T00:43:29.600-0500][27310.828s] GC(12) Pause Young (Normal) (G1 Evacuation Pause) 359M->60M(512M) 28.937ms
[2022-05-03T00:43:29.600-0500][27310.828s] GC(12) User=0.03s Sys=0.03s Real=0.03s
[2022-05-03T00:43:31.806-0500][27313.034s] GC(13) Pause Young (Normal) (G1 Evacuation Pause)
[2022-05-03T00:43:31.806-0500][27313.034s] GC(13) Using 8 workers of 8 for evacuation
[2022-05-03T00:43:31.812-0500][27313.040s] GC(13)   Pre Evacuate Collection Set: 0.1ms
[2022-05-03T00:43:31.812-0500][27313.040s] GC(13)   Merge Heap Roots: 0.1ms
[2022-05-03T00:43:31.812-0500][27313.040s] GC(13)   Evacuate Collection Set: 5.1ms
[2022-05-03T00:43:31.812-0500][27313.040s] GC(13)   Post Evacuate Collection Set: 0.3ms
[2022-05-03T00:43:31.812-0500][27313.040s] GC(13)   Other: 0.1ms
[2022-05-03T00:43:31.812-0500][27313.040s] GC(13) Eden regions: 296->0(305)
[2022-05-03T00:43:31.812-0500][27313.040s] GC(13) Survivor regions: 11->2(39)
[2022-05-03T00:43:31.812-0500][27313.040s] GC(13) Old regions: 42->42
[2022-05-03T00:43:31.812-0500][27313.040s] GC(13) Archive regions: 2->2
[2022-05-03T00:43:31.812-0500][27313.040s] GC(13) Humongous regions: 9->7
[2022-05-03T00:43:31.812-0500][27313.040s] GC(13) Metaspace: 52001K(52608K)->52001K(52608K) NonClass: 46045K(46336K)->46045K(46336K) Class: 5955K(6272K)->5955K(6272K)
[2022-05-03T00:43:31.812-0500][27313.040s] GC(13) Pause Young (Normal) (G1 Evacuation Pause) 357M->51M(512M) 5.859ms
[2022-05-03T00:43:31.812-0500][27313.040s] GC(13) User=0.01s Sys=0.00s Real=0.01s
[2022-05-03T01:51:28.291-0500][31389.537s] Heap
[2022-05-03T01:51:28.292-0500][31389.538s]  garbage-first heap   total 524288K, used 185797K [0x00000007e0000000, 0x0000000800000000)
[2022-05-03T01:51:28.292-0500][31389.538s]   region size 1024K, 133 young (136192K), 2 survivors (2048K)
[2022-05-03T01:51:28.292-0500][31389.538s]  Metaspace       used 53168K, committed 53824K, reserved 1114112K
[2022-05-03T01:51:28.292-0500][31389.538s]   class space    used 6039K, committed 6336K, reserved 1048576K
