[2022-05-03T11:55:02.514-0500][0.012s] CardTable entry size: 512
[2022-05-03T11:55:02.515-0500][0.012s] Using G1
[2022-05-03T11:55:02.662-0500][0.159s] Version: 18+36-2087 (release)
[2022-05-03T11:55:02.662-0500][0.159s] CPUs: 8 total, 8 available
[2022-05-03T11:55:02.662-0500][0.159s] Memory: 8192M
[2022-05-03T11:55:02.662-0500][0.159s] Large Page Support: Disabled
[2022-05-03T11:55:02.662-0500][0.159s] NUMA Support: Disabled
[2022-05-03T11:55:02.662-0500][0.159s] Compressed Oops: Enabled (Zero based)
[2022-05-03T11:55:02.662-0500][0.159s] Heap Region Size: 1M
[2022-05-03T11:55:02.662-0500][0.159s] Heap Min Capacity: 512M
[2022-05-03T11:55:02.662-0500][0.159s] Heap Initial Capacity: 512M
[2022-05-03T11:55:02.662-0500][0.159s] Heap Max Capacity: 512M
[2022-05-03T11:55:02.662-0500][0.159s] Pre-touch: Enabled
[2022-05-03T11:55:02.662-0500][0.159s] Parallel Workers: 8
[2022-05-03T11:55:02.662-0500][0.159s] Concurrent Workers: 2
[2022-05-03T11:55:02.662-0500][0.159s] Concurrent Refinement Workers: 8
[2022-05-03T11:55:02.662-0500][0.159s] Periodic GC: Disabled
[2022-05-03T11:55:02.662-0500][0.160s] CDS archive(s) mapped at: [0x0000000800000000-0x0000000800ba8000-0x0000000800ba8000), size 12222464, SharedBaseAddress: 0x0000000800000000, ArchiveRelocationMode: 0.
[2022-05-03T11:55:02.662-0500][0.160s] Compressed class space mapped at: 0x0000000800c00000-0x0000000840c00000, reserved size: 1073741824
[2022-05-03T11:55:02.662-0500][0.160s] Narrow klass base: 0x0000000800000000, Narrow klass shift: 0, Narrow klass range: 0x100000000
[2022-05-03T11:55:03.980-0500][1.478s] GC(0) Pause Young (Normal) (G1 Evacuation Pause)
[2022-05-03T11:55:03.981-0500][1.478s] GC(0) Using 8 workers of 8 for evacuation
[2022-05-03T11:55:03.995-0500][1.493s] GC(0)   Pre Evacuate Collection Set: 0.1ms
[2022-05-03T11:55:03.995-0500][1.493s] GC(0)   Merge Heap Roots: 0.4ms
[2022-05-03T11:55:03.995-0500][1.493s] GC(0)   Evacuate Collection Set: 13.4ms
[2022-05-03T11:55:03.995-0500][1.493s] GC(0)   Post Evacuate Collection Set: 0.2ms
[2022-05-03T11:55:03.995-0500][1.493s] GC(0)   Other: 0.6ms
[2022-05-03T11:55:03.995-0500][1.493s] GC(0) Eden regions: 29->0(65)
[2022-05-03T11:55:03.996-0500][1.493s] GC(0) Survivor regions: 0->4(4)
[2022-05-03T11:55:03.996-0500][1.493s] GC(0) Old regions: 0->2
[2022-05-03T11:55:03.996-0500][1.493s] GC(0) Archive regions: 2->2
[2022-05-03T11:55:03.996-0500][1.493s] GC(0) Humongous regions: 4->4
[2022-05-03T11:55:03.996-0500][1.493s] GC(0) Metaspace: 9980K(10176K)->9980K(10176K) NonClass: 8820K(8896K)->8820K(8896K) Class: 1159K(1280K)->1159K(1280K)
[2022-05-03T11:55:03.996-0500][1.493s] GC(0) Pause Young (Normal) (G1 Evacuation Pause) 33M->10M(512M) 15.505ms
[2022-05-03T11:55:03.996-0500][1.493s] GC(0) User=0.02s Sys=0.01s Real=0.01s
[2022-05-03T11:55:04.838-0500][2.335s] GC(1) Pause Young (Normal) (G1 Evacuation Pause)
[2022-05-03T11:55:04.838-0500][2.335s] GC(1) Using 8 workers of 8 for evacuation
[2022-05-03T11:55:04.854-0500][2.351s] GC(1)   Pre Evacuate Collection Set: 0.1ms
[2022-05-03T11:55:04.854-0500][2.351s] GC(1)   Merge Heap Roots: 0.1ms
[2022-05-03T11:55:04.854-0500][2.351s] GC(1)   Evacuate Collection Set: 15.1ms
[2022-05-03T11:55:04.854-0500][2.351s] GC(1)   Post Evacuate Collection Set: 0.7ms
[2022-05-03T11:55:04.854-0500][2.351s] GC(1)   Other: 0.1ms
[2022-05-03T11:55:04.854-0500][2.351s] GC(1) Eden regions: 51->0(60)
[2022-05-03T11:55:04.854-0500][2.351s] GC(1) Survivor regions: 4->7(7)
[2022-05-03T11:55:04.854-0500][2.351s] GC(1) Old regions: 2->12
[2022-05-03T11:55:04.854-0500][2.351s] GC(1) Archive regions: 2->2
[2022-05-03T11:55:04.854-0500][2.351s] GC(1) Humongous regions: 4->4
[2022-05-03T11:55:04.854-0500][2.351s] GC(1) Metaspace: 16249K(16640K)->16249K(16640K) NonClass: 14380K(14592K)->14380K(14592K) Class: 1868K(2048K)->1868K(2048K)
[2022-05-03T11:55:04.854-0500][2.351s] GC(1) Pause Young (Normal) (G1 Evacuation Pause) 61M->23M(512M) 16.229ms
[2022-05-03T11:55:04.854-0500][2.351s] GC(1) User=0.04s Sys=0.01s Real=0.02s
[2022-05-03T11:55:05.151-0500][2.648s] GC(2) Pause Young (Concurrent Start) (Metadata GC Threshold)
[2022-05-03T11:55:05.151-0500][2.648s] GC(2) Using 8 workers of 8 for evacuation
[2022-05-03T11:55:05.170-0500][2.668s] GC(2)   Pre Evacuate Collection Set: 0.1ms
[2022-05-03T11:55:05.170-0500][2.668s] GC(2)   Merge Heap Roots: 0.0ms
[2022-05-03T11:55:05.170-0500][2.668s] GC(2)   Evacuate Collection Set: 12.4ms
[2022-05-03T11:55:05.170-0500][2.668s] GC(2)   Post Evacuate Collection Set: 6.9ms
[2022-05-03T11:55:05.170-0500][2.668s] GC(2)   Other: 0.1ms
[2022-05-03T11:55:05.170-0500][2.668s] GC(2) Eden regions: 24->0(74)
[2022-05-03T11:55:05.170-0500][2.668s] GC(2) Survivor regions: 7->1(9)
[2022-05-03T11:55:05.170-0500][2.668s] GC(2) Old regions: 12->20
[2022-05-03T11:55:05.170-0500][2.668s] GC(2) Archive regions: 2->2
[2022-05-03T11:55:05.170-0500][2.668s] GC(2) Humongous regions: 4->4
[2022-05-03T11:55:05.170-0500][2.668s] GC(2) Metaspace: 21256K(21504K)->21256K(21504K) NonClass: 18888K(19008K)->18888K(19008K) Class: 2368K(2496K)->2368K(2496K)
[2022-05-03T11:55:05.170-0500][2.668s] GC(2) Pause Young (Concurrent Start) (Metadata GC Threshold) 47M->25M(512M) 19.627ms
[2022-05-03T11:55:05.170-0500][2.668s] GC(2) User=0.01s Sys=0.00s Real=0.02s
[2022-05-03T11:55:05.171-0500][2.668s] GC(3) Concurrent Mark Cycle
[2022-05-03T11:55:05.171-0500][2.668s] GC(3) Concurrent Clear Claimed Marks
[2022-05-03T11:55:05.171-0500][2.668s] GC(3) Concurrent Clear Claimed Marks 0.020ms
[2022-05-03T11:55:05.171-0500][2.668s] GC(3) Concurrent Scan Root Regions
[2022-05-03T11:55:05.171-0500][2.669s] GC(3) Concurrent Scan Root Regions 0.922ms
[2022-05-03T11:55:05.172-0500][2.669s] GC(3) Concurrent Mark
[2022-05-03T11:55:05.172-0500][2.669s] GC(3) Concurrent Mark From Roots
[2022-05-03T11:55:05.172-0500][2.669s] GC(3) Using 2 workers of 2 for marking
[2022-05-03T11:55:05.179-0500][2.676s] GC(3) Concurrent Mark From Roots 7.324ms
[2022-05-03T11:55:05.179-0500][2.677s] GC(3) Concurrent Preclean
[2022-05-03T11:55:05.179-0500][2.677s] GC(3) Concurrent Preclean 0.031ms
[2022-05-03T11:55:05.179-0500][2.677s] GC(3) Pause Remark
[2022-05-03T11:55:05.192-0500][2.690s] GC(3) Pause Remark 26M->26M(512M) 13.275ms
[2022-05-03T11:55:05.192-0500][2.690s] GC(3) User=0.01s Sys=0.02s Real=0.02s
[2022-05-03T11:55:05.193-0500][2.691s] GC(3) Concurrent Mark 21.660ms
[2022-05-03T11:55:05.193-0500][2.691s] GC(3) Concurrent Rebuild Remembered Sets
[2022-05-03T11:55:05.197-0500][2.695s] GC(3) Concurrent Rebuild Remembered Sets 4.211ms
[2022-05-03T11:55:05.198-0500][2.695s] GC(3) Pause Cleanup
[2022-05-03T11:55:05.198-0500][2.695s] GC(3) Pause Cleanup 26M->26M(512M) 0.063ms
[2022-05-03T11:55:05.198-0500][2.695s] GC(3) User=0.00s Sys=0.00s Real=0.00s
[2022-05-03T11:55:05.198-0500][2.695s] GC(3) Concurrent Cleanup for Next Mark
[2022-05-03T11:55:05.198-0500][2.696s] GC(3) Concurrent Cleanup for Next Mark 0.624ms
[2022-05-03T11:55:05.198-0500][2.696s] GC(3) Concurrent Mark Cycle 27.894ms
[2022-05-03T11:55:06.484-0500][3.981s] GC(4) Pause Young (Prepare Mixed) (G1 Evacuation Pause)
[2022-05-03T11:55:06.484-0500][3.981s] GC(4) Using 8 workers of 8 for evacuation
[2022-05-03T11:55:06.486-0500][3.984s] GC(4)   Pre Evacuate Collection Set: 0.1ms
[2022-05-03T11:55:06.486-0500][3.984s] GC(4)   Merge Heap Roots: 0.0ms
[2022-05-03T11:55:06.486-0500][3.984s] GC(4)   Evacuate Collection Set: 2.0ms
[2022-05-03T11:55:06.486-0500][3.984s] GC(4)   Post Evacuate Collection Set: 0.3ms
[2022-05-03T11:55:06.486-0500][3.984s] GC(4)   Other: 0.0ms
[2022-05-03T11:55:06.486-0500][3.984s] GC(4) Eden regions: 74->0(21)
[2022-05-03T11:55:06.486-0500][3.984s] GC(4) Survivor regions: 1->4(10)
[2022-05-03T11:55:06.486-0500][3.984s] GC(4) Old regions: 20->20
[2022-05-03T11:55:06.486-0500][3.984s] GC(4) Archive regions: 2->2
[2022-05-03T11:55:06.486-0500][3.984s] GC(4) Humongous regions: 4->4
[2022-05-03T11:55:06.486-0500][3.984s] GC(4) Metaspace: 29777K(30080K)->29777K(30080K) NonClass: 26406K(26560K)->26406K(26560K) Class: 3370K(3520K)->3370K(3520K)
[2022-05-03T11:55:06.486-0500][3.984s] GC(4) Pause Young (Prepare Mixed) (G1 Evacuation Pause) 99M->28M(512M) 2.621ms
[2022-05-03T11:55:06.486-0500][3.984s] GC(4) User=0.01s Sys=0.00s Real=0.00s
[2022-05-03T11:55:07.083-0500][4.580s] GC(5) Pause Young (Mixed) (G1 Evacuation Pause)
[2022-05-03T11:55:07.083-0500][4.581s] GC(5) Using 8 workers of 8 for evacuation
[2022-05-03T11:55:07.087-0500][4.585s] GC(5)   Pre Evacuate Collection Set: 0.0ms
[2022-05-03T11:55:07.087-0500][4.585s] GC(5)   Merge Heap Roots: 0.0ms
[2022-05-03T11:55:07.087-0500][4.585s] GC(5)   Evacuate Collection Set: 4.1ms
[2022-05-03T11:55:07.087-0500][4.585s] GC(5)   Post Evacuate Collection Set: 0.3ms
[2022-05-03T11:55:07.087-0500][4.585s] GC(5)   Other: 0.0ms
[2022-05-03T11:55:07.087-0500][4.585s] GC(5) Eden regions: 21->0(305)
[2022-05-03T11:55:07.087-0500][4.585s] GC(5) Survivor regions: 4->2(4)
[2022-05-03T11:55:07.087-0500][4.585s] GC(5) Old regions: 20->23
[2022-05-03T11:55:07.087-0500][4.585s] GC(5) Archive regions: 2->2
[2022-05-03T11:55:07.087-0500][4.585s] GC(5) Humongous regions: 4->4
[2022-05-03T11:55:07.087-0500][4.585s] GC(5) Metaspace: 33680K(34112K)->33680K(34112K) NonClass: 29835K(30016K)->29835K(30016K) Class: 3845K(4096K)->3845K(4096K)
[2022-05-03T11:55:07.087-0500][4.585s] GC(5) Pause Young (Mixed) (G1 Evacuation Pause) 49M->29M(512M) 4.661ms
[2022-05-03T11:55:07.087-0500][4.585s] GC(5) User=0.02s Sys=0.01s Real=0.00s
[2022-05-03T11:55:07.402-0500][4.900s] GC(6) Pause Young (Concurrent Start) (Metadata GC Threshold)
[2022-05-03T11:55:07.402-0500][4.900s] GC(6) Using 8 workers of 8 for evacuation
[2022-05-03T11:55:07.405-0500][4.903s] GC(6)   Pre Evacuate Collection Set: 0.1ms
[2022-05-03T11:55:07.405-0500][4.903s] GC(6)   Merge Heap Roots: 0.0ms
[2022-05-03T11:55:07.405-0500][4.903s] GC(6)   Evacuate Collection Set: 2.7ms
[2022-05-03T11:55:07.405-0500][4.903s] GC(6)   Post Evacuate Collection Set: 0.3ms
[2022-05-03T11:55:07.405-0500][4.903s] GC(6)   Other: 0.1ms
[2022-05-03T11:55:07.405-0500][4.903s] GC(6) Eden regions: 16->0(304)
[2022-05-03T11:55:07.405-0500][4.903s] GC(6) Survivor regions: 2->3(39)
[2022-05-03T11:55:07.405-0500][4.903s] GC(6) Old regions: 23->23
[2022-05-03T11:55:07.405-0500][4.903s] GC(6) Archive regions: 2->2
[2022-05-03T11:55:07.405-0500][4.903s] GC(6) Humongous regions: 4->4
[2022-05-03T11:55:07.405-0500][4.903s] GC(6) Metaspace: 35905K(36288K)->35905K(36288K) NonClass: 31746K(31936K)->31746K(31936K) Class: 4158K(4352K)->4158K(4352K)
[2022-05-03T11:55:07.405-0500][4.903s] GC(6) Pause Young (Concurrent Start) (Metadata GC Threshold) 45M->30M(512M) 3.445ms
[2022-05-03T11:55:07.405-0500][4.903s] GC(6) User=0.00s Sys=0.01s Real=0.00s
[2022-05-03T11:55:07.405-0500][4.903s] GC(7) Concurrent Mark Cycle
[2022-05-03T11:55:07.405-0500][4.903s] GC(7) Concurrent Clear Claimed Marks
[2022-05-03T11:55:07.405-0500][4.903s] GC(7) Concurrent Clear Claimed Marks 0.011ms
[2022-05-03T11:55:07.405-0500][4.903s] GC(7) Concurrent Scan Root Regions
[2022-05-03T11:55:07.406-0500][4.904s] GC(7) Concurrent Scan Root Regions 0.754ms
[2022-05-03T11:55:07.406-0500][4.904s] GC(7) Concurrent Mark
[2022-05-03T11:55:07.406-0500][4.904s] GC(7) Concurrent Mark From Roots
[2022-05-03T11:55:07.406-0500][4.904s] GC(7) Using 2 workers of 2 for marking
[2022-05-03T11:55:07.416-0500][4.914s] GC(7) Concurrent Mark From Roots 9.798ms
[2022-05-03T11:55:07.416-0500][4.914s] GC(7) Concurrent Preclean
[2022-05-03T11:55:07.416-0500][4.914s] GC(7) Concurrent Preclean 0.038ms
[2022-05-03T11:55:07.416-0500][4.914s] GC(7) Pause Remark
[2022-05-03T11:55:07.429-0500][4.927s] GC(7) Pause Remark 32M->32M(512M) 13.418ms
[2022-05-03T11:55:07.429-0500][4.927s] GC(7) User=0.01s Sys=0.01s Real=0.01s
[2022-05-03T11:55:07.430-0500][4.927s] GC(7) Concurrent Mark 23.564ms
[2022-05-03T11:55:07.430-0500][4.927s] GC(7) Concurrent Rebuild Remembered Sets
[2022-05-03T11:55:07.435-0500][4.933s] GC(7) Concurrent Rebuild Remembered Sets 5.583ms
[2022-05-03T11:55:07.435-0500][4.933s] GC(7) Pause Cleanup
[2022-05-03T11:55:07.435-0500][4.933s] GC(7) Pause Cleanup 32M->32M(512M) 0.094ms
[2022-05-03T11:55:07.435-0500][4.933s] GC(7) User=0.00s Sys=0.00s Real=0.00s
[2022-05-03T11:55:07.436-0500][4.933s] GC(7) Concurrent Cleanup for Next Mark
[2022-05-03T11:55:07.436-0500][4.934s] GC(7) Concurrent Cleanup for Next Mark 0.646ms
[2022-05-03T11:55:07.436-0500][4.934s] GC(7) Concurrent Mark Cycle 31.071ms
[2022-05-03T19:24:44.973-0500][10671.164s] GC(8) Pause Young (Normal) (G1 Evacuation Pause)
[2022-05-03T19:24:44.982-0500][10671.174s] GC(8) Using 8 workers of 8 for evacuation
[2022-05-03T19:24:45.083-0500][10671.275s] GC(8)   Pre Evacuate Collection Set: 0.8ms
[2022-05-03T19:24:45.098-0500][10671.290s] GC(8)   Merge Heap Roots: 1.5ms
[2022-05-03T19:24:45.098-0500][10671.290s] GC(8)   Evacuate Collection Set: 88.0ms
[2022-05-03T19:24:45.098-0500][10671.290s] GC(8)   Post Evacuate Collection Set: 10.7ms
[2022-05-03T19:24:45.098-0500][10671.290s] GC(8)   Other: 1.0ms
[2022-05-03T19:24:45.099-0500][10671.290s] GC(8) Eden regions: 304->0(279)
[2022-05-03T19:24:45.099-0500][10671.290s] GC(8) Survivor regions: 3->28(39)
[2022-05-03T19:24:45.099-0500][10671.290s] GC(8) Old regions: 23->23
[2022-05-03T19:24:45.099-0500][10671.291s] GC(8) Archive regions: 2->2
[2022-05-03T19:24:45.099-0500][10671.291s] GC(8) Humongous regions: 7->7
[2022-05-03T19:24:45.099-0500][10671.291s] GC(8) Metaspace: 48258K(48896K)->48258K(48896K) NonClass: 42567K(42880K)->42567K(42880K) Class: 5690K(6016K)->5690K(6016K)
[2022-05-03T19:24:45.099-0500][10671.291s] GC(8) Pause Young (Normal) (G1 Evacuation Pause) 337M->58M(512M) 126.606ms
[2022-05-03T19:24:45.099-0500][10671.291s] GC(8) User=0.06s Sys=0.13s Real=0.12s
[2022-05-03T19:49:02.652-0500][12128.860s] GC(9) Pause Young (Normal) (G1 Evacuation Pause)
[2022-05-03T19:49:02.667-0500][12128.874s] GC(9) Using 8 workers of 8 for evacuation
[2022-05-03T19:49:02.719-0500][12128.927s] GC(9)   Pre Evacuate Collection Set: 0.5ms
[2022-05-03T19:49:02.734-0500][12128.942s] GC(9)   Merge Heap Roots: 0.7ms
[2022-05-03T19:49:02.734-0500][12128.942s] GC(9)   Evacuate Collection Set: 47.9ms
[2022-05-03T19:49:02.734-0500][12128.942s] GC(9)   Post Evacuate Collection Set: 2.8ms
[2022-05-03T19:49:02.734-0500][12128.942s] GC(9)   Other: 1.3ms
[2022-05-03T19:49:02.735-0500][12128.942s] GC(9) Eden regions: 279->0(302)
[2022-05-03T19:49:02.735-0500][12128.942s] GC(9) Survivor regions: 28->5(39)
[2022-05-03T19:49:02.735-0500][12128.942s] GC(9) Old regions: 23->49
[2022-05-03T19:49:02.735-0500][12128.942s] GC(9) Archive regions: 2->2
[2022-05-03T19:49:02.735-0500][12128.942s] GC(9) Humongous regions: 7->7
[2022-05-03T19:49:02.735-0500][12128.942s] GC(9) Metaspace: 49079K(49600K)->49079K(49600K) NonClass: 43326K(43584K)->43326K(43584K) Class: 5753K(6016K)->5753K(6016K)
[2022-05-03T19:49:02.735-0500][12128.943s] GC(9) Pause Young (Normal) (G1 Evacuation Pause) 337M->60M(512M) 83.108ms
[2022-05-03T19:49:02.735-0500][12128.943s] GC(9) User=0.05s Sys=0.05s Real=0.08s
[2022-05-03T22:39:47.612-0500][20120.194s] GC(10) Pause Young (Normal) (G1 Evacuation Pause)
[2022-05-03T22:39:47.626-0500][20120.209s] GC(10) Using 8 workers of 8 for evacuation
[2022-05-03T22:39:47.823-0500][20120.406s] GC(10)   Pre Evacuate Collection Set: 3.3ms
[2022-05-03T22:39:47.824-0500][20120.406s] GC(10)   Merge Heap Roots: 3.0ms
[2022-05-03T22:39:47.824-0500][20120.406s] GC(10)   Evacuate Collection Set: 131.1ms
[2022-05-03T22:39:47.824-0500][20120.406s] GC(10)   Post Evacuate Collection Set: 53.1ms
[2022-05-03T22:39:47.825-0500][20120.407s] GC(10)   Other: 5.9ms
[2022-05-03T22:39:47.826-0500][20120.408s] GC(10) Eden regions: 302->0(303)
[2022-05-03T22:39:47.826-0500][20120.408s] GC(10) Survivor regions: 5->4(39)
[2022-05-03T22:39:47.826-0500][20120.408s] GC(10) Old regions: 49->49
[2022-05-03T22:39:47.826-0500][20120.408s] GC(10) Archive regions: 2->2
[2022-05-03T22:39:47.826-0500][20120.408s] GC(10) Humongous regions: 7->7
[2022-05-03T22:39:47.826-0500][20120.408s] GC(10) Metaspace: 49235K(49792K)->49235K(49792K) NonClass: 43471K(43776K)->43471K(43776K) Class: 5764K(6016K)->5764K(6016K)
[2022-05-03T22:39:47.827-0500][20120.410s] GC(10) Pause Young (Normal) (G1 Evacuation Pause) 362M->59M(512M) 216.556ms
[2022-05-03T22:39:47.828-0500][20120.410s] GC(10) User=0.03s Sys=0.08s Real=0.21s
[2022-05-04T02:03:45.679-0500][27584.595s] Heap
[2022-05-04T02:03:45.681-0500][27584.596s]  garbage-first heap   total 524288K, used 153245K [0x00000007e0000000, 0x0000000800000000)
[2022-05-04T02:03:45.681-0500][27584.596s]   region size 1024K, 95 young (97280K), 4 survivors (4096K)
[2022-05-04T02:03:45.681-0500][27584.596s]  Metaspace       used 49689K, committed 50240K, reserved 1114112K
[2022-05-04T02:03:45.681-0500][27584.596s]   class space    used 5823K, committed 6080K, reserved 1048576K
