[2022-04-18T23:35:07.538-0500][0.007s] CardTable entry size: 512
[2022-04-18T23:35:07.538-0500][0.008s] Using G1
[2022-04-18T23:35:07.662-0500][0.132s] Version: 18+36-2087 (release)
[2022-04-18T23:35:07.662-0500][0.132s] CPUs: 8 total, 8 available
[2022-04-18T23:35:07.662-0500][0.132s] Memory: 8192M
[2022-04-18T23:35:07.662-0500][0.132s] Large Page Support: Disabled
[2022-04-18T23:35:07.662-0500][0.132s] NUMA Support: Disabled
[2022-04-18T23:35:07.662-0500][0.132s] Compressed Oops: Enabled (Zero based)
[2022-04-18T23:35:07.662-0500][0.132s] Heap Region Size: 1M
[2022-04-18T23:35:07.662-0500][0.132s] Heap Min Capacity: 512M
[2022-04-18T23:35:07.662-0500][0.132s] Heap Initial Capacity: 512M
[2022-04-18T23:35:07.662-0500][0.132s] Heap Max Capacity: 512M
[2022-04-18T23:35:07.662-0500][0.132s] Pre-touch: Enabled
[2022-04-18T23:35:07.662-0500][0.132s] Parallel Workers: 8
[2022-04-18T23:35:07.662-0500][0.132s] Concurrent Workers: 2
[2022-04-18T23:35:07.662-0500][0.132s] Concurrent Refinement Workers: 8
[2022-04-18T23:35:07.662-0500][0.132s] Periodic GC: Disabled
[2022-04-18T23:35:07.663-0500][0.132s] CDS archive(s) mapped at: [0x0000000800000000-0x0000000800ba8000-0x0000000800ba8000), size 12222464, SharedBaseAddress: 0x0000000800000000, ArchiveRelocationMode: 0.
[2022-04-18T23:35:07.663-0500][0.132s] Compressed class space mapped at: 0x0000000800c00000-0x0000000840c00000, reserved size: 1073741824
[2022-04-18T23:35:07.663-0500][0.132s] Narrow klass base: 0x0000000800000000, Narrow klass shift: 0, Narrow klass range: 0x100000000
[2022-04-18T23:35:08.728-0500][1.197s] GC(0) Pause Young (Normal) (G1 Evacuation Pause)
[2022-04-18T23:35:08.728-0500][1.198s] GC(0) Using 8 workers of 8 for evacuation
[2022-04-18T23:35:08.740-0500][1.209s] GC(0)   Pre Evacuate Collection Set: 0.1ms
[2022-04-18T23:35:08.740-0500][1.209s] GC(0)   Merge Heap Roots: 0.1ms
[2022-04-18T23:35:08.740-0500][1.209s] GC(0)   Evacuate Collection Set: 10.7ms
[2022-04-18T23:35:08.740-0500][1.209s] GC(0)   Post Evacuate Collection Set: 0.4ms
[2022-04-18T23:35:08.740-0500][1.209s] GC(0)   Other: 0.4ms
[2022-04-18T23:35:08.740-0500][1.209s] GC(0) Eden regions: 29->0(65)
[2022-04-18T23:35:08.740-0500][1.209s] GC(0) Survivor regions: 0->4(4)
[2022-04-18T23:35:08.740-0500][1.209s] GC(0) Old regions: 0->2
[2022-04-18T23:35:08.740-0500][1.209s] GC(0) Archive regions: 2->2
[2022-04-18T23:35:08.740-0500][1.209s] GC(0) Humongous regions: 4->4
[2022-04-18T23:35:08.740-0500][1.209s] GC(0) Metaspace: 9982K(10176K)->9982K(10176K) NonClass: 8822K(8896K)->8822K(8896K) Class: 1159K(1280K)->1159K(1280K)
[2022-04-18T23:35:08.740-0500][1.210s] GC(0) Pause Young (Normal) (G1 Evacuation Pause) 33M->10M(512M) 12.033ms
[2022-04-18T23:35:08.740-0500][1.210s] GC(0) User=0.02s Sys=0.01s Real=0.02s
[2022-04-18T23:35:09.687-0500][2.157s] GC(1) Pause Young (Normal) (G1 Evacuation Pause)
[2022-04-18T23:35:09.687-0500][2.157s] GC(1) Using 8 workers of 8 for evacuation
[2022-04-18T23:35:09.703-0500][2.172s] GC(1)   Pre Evacuate Collection Set: 0.1ms
[2022-04-18T23:35:09.703-0500][2.172s] GC(1)   Merge Heap Roots: 0.1ms
[2022-04-18T23:35:09.703-0500][2.172s] GC(1)   Evacuate Collection Set: 14.6ms
[2022-04-18T23:35:09.703-0500][2.172s] GC(1)   Post Evacuate Collection Set: 0.8ms
[2022-04-18T23:35:09.703-0500][2.172s] GC(1)   Other: 0.1ms
[2022-04-18T23:35:09.703-0500][2.172s] GC(1) Eden regions: 58->0(66)
[2022-04-18T23:35:09.703-0500][2.172s] GC(1) Survivor regions: 4->8(8)
[2022-04-18T23:35:09.703-0500][2.173s] GC(1) Old regions: 2->12
[2022-04-18T23:35:09.703-0500][2.173s] GC(1) Archive regions: 2->2
[2022-04-18T23:35:09.703-0500][2.173s] GC(1) Humongous regions: 4->4
[2022-04-18T23:35:09.703-0500][2.173s] GC(1) Metaspace: 18436K(18816K)->18436K(18816K) NonClass: 16320K(16512K)->16320K(16512K) Class: 2115K(2304K)->2115K(2304K)
[2022-04-18T23:35:09.703-0500][2.173s] GC(1) Pause Young (Normal) (G1 Evacuation Pause) 68M->24M(512M) 15.805ms
[2022-04-18T23:35:09.703-0500][2.173s] GC(1) User=0.04s Sys=0.01s Real=0.02s
[2022-04-18T23:35:09.858-0500][2.328s] GC(2) Pause Young (Concurrent Start) (Metadata GC Threshold)
[2022-04-18T23:35:09.858-0500][2.328s] GC(2) Using 8 workers of 8 for evacuation
[2022-04-18T23:35:09.867-0500][2.337s] GC(2)   Pre Evacuate Collection Set: 0.1ms
[2022-04-18T23:35:09.867-0500][2.337s] GC(2)   Merge Heap Roots: 0.0ms
[2022-04-18T23:35:09.867-0500][2.337s] GC(2)   Evacuate Collection Set: 8.2ms
[2022-04-18T23:35:09.867-0500][2.337s] GC(2)   Post Evacuate Collection Set: 0.3ms
[2022-04-18T23:35:09.867-0500][2.337s] GC(2)   Other: 0.1ms
[2022-04-18T23:35:09.867-0500][2.337s] GC(2) Eden regions: 17->0(78)
[2022-04-18T23:35:09.867-0500][2.337s] GC(2) Survivor regions: 8->1(10)
[2022-04-18T23:35:09.867-0500][2.337s] GC(2) Old regions: 12->20
[2022-04-18T23:35:09.867-0500][2.337s] GC(2) Archive regions: 2->2
[2022-04-18T23:35:09.867-0500][2.337s] GC(2) Humongous regions: 4->4
[2022-04-18T23:35:09.867-0500][2.337s] GC(2) Metaspace: 21213K(21504K)->21213K(21504K) NonClass: 18857K(19008K)->18857K(19008K) Class: 2356K(2496K)->2356K(2496K)
[2022-04-18T23:35:09.867-0500][2.337s] GC(2) Pause Young (Concurrent Start) (Metadata GC Threshold) 41M->25M(512M) 8.813ms
[2022-04-18T23:35:09.867-0500][2.337s] GC(2) User=0.02s Sys=0.01s Real=0.01s
[2022-04-18T23:35:09.867-0500][2.337s] GC(3) Concurrent Mark Cycle
[2022-04-18T23:35:09.867-0500][2.337s] GC(3) Concurrent Clear Claimed Marks
[2022-04-18T23:35:09.867-0500][2.337s] GC(3) Concurrent Clear Claimed Marks 0.013ms
[2022-04-18T23:35:09.867-0500][2.337s] GC(3) Concurrent Scan Root Regions
[2022-04-18T23:35:09.868-0500][2.338s] GC(3) Concurrent Scan Root Regions 1.105ms
[2022-04-18T23:35:09.868-0500][2.338s] GC(3) Concurrent Mark
[2022-04-18T23:35:09.868-0500][2.338s] GC(3) Concurrent Mark From Roots
[2022-04-18T23:35:09.868-0500][2.338s] GC(3) Using 2 workers of 2 for marking
[2022-04-18T23:35:09.881-0500][2.351s] GC(3) Concurrent Mark From Roots 12.632ms
[2022-04-18T23:35:09.881-0500][2.351s] GC(3) Concurrent Preclean
[2022-04-18T23:35:09.881-0500][2.351s] GC(3) Concurrent Preclean 0.016ms
[2022-04-18T23:35:09.881-0500][2.351s] GC(3) Pause Remark
[2022-04-18T23:35:09.889-0500][2.358s] GC(3) Pause Remark 26M->26M(512M) 7.675ms
[2022-04-18T23:35:09.889-0500][2.359s] GC(3) User=0.01s Sys=0.01s Real=0.00s
[2022-04-18T23:35:09.889-0500][2.359s] GC(3) Concurrent Mark 20.632ms
[2022-04-18T23:35:09.889-0500][2.359s] GC(3) Concurrent Rebuild Remembered Sets
[2022-04-18T23:35:09.894-0500][2.364s] GC(3) Concurrent Rebuild Remembered Sets 4.681ms
[2022-04-18T23:35:09.894-0500][2.364s] GC(3) Pause Cleanup
[2022-04-18T23:35:09.894-0500][2.364s] GC(3) Pause Cleanup 26M->26M(512M) 0.088ms
[2022-04-18T23:35:09.894-0500][2.364s] GC(3) User=0.00s Sys=0.00s Real=0.00s
[2022-04-18T23:35:09.894-0500][2.364s] GC(3) Concurrent Cleanup for Next Mark
[2022-04-18T23:35:09.895-0500][2.365s] GC(3) Concurrent Cleanup for Next Mark 0.623ms
[2022-04-18T23:35:09.895-0500][2.365s] GC(3) Concurrent Mark Cycle 27.792ms
[2022-04-18T23:35:11.451-0500][3.920s] GC(4) Pause Young (Normal) (G1 Evacuation Pause)
[2022-04-18T23:35:11.451-0500][3.921s] GC(4) Using 8 workers of 8 for evacuation
[2022-04-18T23:35:11.455-0500][3.924s] GC(4)   Pre Evacuate Collection Set: 0.0ms
[2022-04-18T23:35:11.455-0500][3.924s] GC(4)   Merge Heap Roots: 0.0ms
[2022-04-18T23:35:11.455-0500][3.924s] GC(4)   Evacuate Collection Set: 3.2ms
[2022-04-18T23:35:11.455-0500][3.924s] GC(4)   Post Evacuate Collection Set: 0.4ms
[2022-04-18T23:35:11.455-0500][3.924s] GC(4)   Other: 0.1ms
[2022-04-18T23:35:11.455-0500][3.924s] GC(4) Eden regions: 78->0(301)
[2022-04-18T23:35:11.455-0500][3.924s] GC(4) Survivor regions: 1->6(10)
[2022-04-18T23:35:11.455-0500][3.924s] GC(4) Old regions: 20->20
[2022-04-18T23:35:11.455-0500][3.924s] GC(4) Archive regions: 2->2
[2022-04-18T23:35:11.455-0500][3.924s] GC(4) Humongous regions: 4->4
[2022-04-18T23:35:11.455-0500][3.924s] GC(4) Metaspace: 34559K(34880K)->34559K(34880K) NonClass: 30550K(30720K)->30550K(30720K) Class: 4008K(4160K)->4008K(4160K)
[2022-04-18T23:35:11.455-0500][3.924s] GC(4) Pause Young (Normal) (G1 Evacuation Pause) 103M->29M(512M) 3.915ms
[2022-04-18T23:35:11.455-0500][3.924s] GC(4) User=0.01s Sys=0.00s Real=0.00s
[2022-04-18T23:35:11.612-0500][4.082s] GC(5) Pause Young (Concurrent Start) (Metadata GC Threshold)
[2022-04-18T23:35:11.612-0500][4.082s] GC(5) Using 8 workers of 8 for evacuation
[2022-04-18T23:35:11.615-0500][4.085s] GC(5)   Pre Evacuate Collection Set: 0.1ms
[2022-04-18T23:35:11.615-0500][4.085s] GC(5)   Merge Heap Roots: 0.0ms
[2022-04-18T23:35:11.615-0500][4.085s] GC(5)   Evacuate Collection Set: 2.4ms
[2022-04-18T23:35:11.615-0500][4.085s] GC(5)   Post Evacuate Collection Set: 0.3ms
[2022-04-18T23:35:11.615-0500][4.085s] GC(5)   Other: 0.0ms
[2022-04-18T23:35:11.615-0500][4.085s] GC(5) Eden regions: 7->0(301)
[2022-04-18T23:35:11.615-0500][4.085s] GC(5) Survivor regions: 6->6(39)
[2022-04-18T23:35:11.615-0500][4.085s] GC(5) Old regions: 20->20
[2022-04-18T23:35:11.615-0500][4.085s] GC(5) Archive regions: 2->2
[2022-04-18T23:35:11.615-0500][4.085s] GC(5) Humongous regions: 4->4
[2022-04-18T23:35:11.615-0500][4.085s] GC(5) Metaspace: 35941K(36288K)->35941K(36288K) NonClass: 31767K(31936K)->31767K(31936K) Class: 4174K(4352K)->4174K(4352K)
[2022-04-18T23:35:11.615-0500][4.085s] GC(5) Pause Young (Concurrent Start) (Metadata GC Threshold) 36M->30M(512M) 3.069ms
[2022-04-18T23:35:11.615-0500][4.085s] GC(6) Concurrent Mark Cycle
[2022-04-18T23:35:11.615-0500][4.085s] GC(5) User=0.01s Sys=0.00s Real=0.00s
[2022-04-18T23:35:11.615-0500][4.085s] GC(6) Concurrent Clear Claimed Marks
[2022-04-18T23:35:11.615-0500][4.085s] GC(6) Concurrent Clear Claimed Marks 0.019ms
[2022-04-18T23:35:11.615-0500][4.085s] GC(6) Concurrent Scan Root Regions
[2022-04-18T23:35:11.617-0500][4.087s] GC(6) Concurrent Scan Root Regions 1.632ms
[2022-04-18T23:35:11.617-0500][4.087s] GC(6) Concurrent Mark
[2022-04-18T23:35:11.617-0500][4.087s] GC(6) Concurrent Mark From Roots
[2022-04-18T23:35:11.617-0500][4.087s] GC(6) Using 2 workers of 2 for marking
[2022-04-18T23:35:11.626-0500][4.096s] GC(6) Concurrent Mark From Roots 8.959ms
[2022-04-18T23:35:11.626-0500][4.096s] GC(6) Concurrent Preclean
[2022-04-18T23:35:11.626-0500][4.096s] GC(6) Concurrent Preclean 0.036ms
[2022-04-18T23:35:11.626-0500][4.096s] GC(6) Pause Remark
[2022-04-18T23:35:11.638-0500][4.108s] GC(6) Pause Remark 31M->31M(512M) 11.754ms
[2022-04-18T23:35:11.638-0500][4.108s] GC(6) User=0.01s Sys=0.02s Real=0.01s
[2022-04-18T23:35:11.638-0500][4.108s] GC(6) Concurrent Mark 21.186ms
[2022-04-18T23:35:11.638-0500][4.108s] GC(6) Concurrent Rebuild Remembered Sets
[2022-04-18T23:35:11.648-0500][4.118s] GC(6) Concurrent Rebuild Remembered Sets 9.784ms
[2022-04-18T23:35:11.648-0500][4.118s] GC(6) Pause Cleanup
[2022-04-18T23:35:11.648-0500][4.118s] GC(6) Pause Cleanup 31M->31M(512M) 0.143ms
[2022-04-18T23:35:11.648-0500][4.118s] GC(6) User=0.00s Sys=0.00s Real=0.00s
[2022-04-18T23:35:11.648-0500][4.118s] GC(6) Concurrent Cleanup for Next Mark
[2022-04-18T23:35:11.649-0500][4.119s] GC(6) Concurrent Cleanup for Next Mark 0.662ms
[2022-04-18T23:35:11.649-0500][4.119s] GC(6) Concurrent Mark Cycle 33.755ms
[2022-04-19T01:12:21.236-0500][5826.369s] Heap
[2022-04-19T01:12:21.237-0500][5826.370s]  garbage-first heap   total 524288K, used 262387K [0x00000007e0000000, 0x0000000800000000)
[2022-04-19T01:12:21.237-0500][5826.370s]   region size 1024K, 229 young (234496K), 6 survivors (6144K)
[2022-04-19T01:12:21.237-0500][5826.370s]  Metaspace       used 50917K, committed 51392K, reserved 1114112K
[2022-04-19T01:12:21.237-0500][5826.370s]   class space    used 5857K, committed 6080K, reserved 1048576K
