[2022-05-01T12:47:04.520-0500][0.010s] CardTable entry size: 512
[2022-05-01T12:47:04.520-0500][0.010s] Using G1
[2022-05-01T12:47:04.681-0500][0.171s] Version: 18+36-2087 (release)
[2022-05-01T12:47:04.681-0500][0.171s] CPUs: 8 total, 8 available
[2022-05-01T12:47:04.681-0500][0.171s] Memory: 8192M
[2022-05-01T12:47:04.681-0500][0.171s] Large Page Support: Disabled
[2022-05-01T12:47:04.681-0500][0.171s] NUMA Support: Disabled
[2022-05-01T12:47:04.681-0500][0.171s] Compressed Oops: Enabled (Zero based)
[2022-05-01T12:47:04.681-0500][0.171s] Heap Region Size: 1M
[2022-05-01T12:47:04.681-0500][0.171s] Heap Min Capacity: 512M
[2022-05-01T12:47:04.681-0500][0.171s] Heap Initial Capacity: 512M
[2022-05-01T12:47:04.681-0500][0.171s] Heap Max Capacity: 512M
[2022-05-01T12:47:04.681-0500][0.171s] Pre-touch: Enabled
[2022-05-01T12:47:04.681-0500][0.171s] Parallel Workers: 8
[2022-05-01T12:47:04.681-0500][0.171s] Concurrent Workers: 2
[2022-05-01T12:47:04.681-0500][0.171s] Concurrent Refinement Workers: 8
[2022-05-01T12:47:04.681-0500][0.171s] Periodic GC: Disabled
[2022-05-01T12:47:04.681-0500][0.171s] CDS archive(s) mapped at: [0x0000000800000000-0x0000000800ba8000-0x0000000800ba8000), size 12222464, SharedBaseAddress: 0x0000000800000000, ArchiveRelocationMode: 0.
[2022-05-01T12:47:04.681-0500][0.171s] Compressed class space mapped at: 0x0000000800c00000-0x0000000840c00000, reserved size: 1073741824
[2022-05-01T12:47:04.681-0500][0.171s] Narrow klass base: 0x0000000800000000, Narrow klass shift: 0, Narrow klass range: 0x100000000
[2022-05-01T12:47:05.972-0500][1.462s] GC(0) Pause Young (Normal) (G1 Evacuation Pause)
[2022-05-01T12:47:05.972-0500][1.462s] GC(0) Using 8 workers of 8 for evacuation
[2022-05-01T12:47:05.983-0500][1.473s] GC(0)   Pre Evacuate Collection Set: 0.1ms
[2022-05-01T12:47:05.983-0500][1.473s] GC(0)   Merge Heap Roots: 0.1ms
[2022-05-01T12:47:05.983-0500][1.473s] GC(0)   Evacuate Collection Set: 9.7ms
[2022-05-01T12:47:05.983-0500][1.473s] GC(0)   Post Evacuate Collection Set: 0.3ms
[2022-05-01T12:47:05.983-0500][1.473s] GC(0)   Other: 0.5ms
[2022-05-01T12:47:05.983-0500][1.473s] GC(0) Eden regions: 29->0(66)
[2022-05-01T12:47:05.983-0500][1.473s] GC(0) Survivor regions: 0->4(4)
[2022-05-01T12:47:05.983-0500][1.473s] GC(0) Old regions: 0->2
[2022-05-01T12:47:05.983-0500][1.473s] GC(0) Archive regions: 2->2
[2022-05-01T12:47:05.983-0500][1.473s] GC(0) Humongous regions: 4->4
[2022-05-01T12:47:05.983-0500][1.473s] GC(0) Metaspace: 9982K(10176K)->9982K(10176K) NonClass: 8823K(8896K)->8823K(8896K) Class: 1159K(1280K)->1159K(1280K)
[2022-05-01T12:47:05.983-0500][1.473s] GC(0) Pause Young (Normal) (G1 Evacuation Pause) 33M->10M(512M) 11.211ms
[2022-05-01T12:47:05.983-0500][1.473s] GC(0) User=0.01s Sys=0.01s Real=0.01s
[2022-05-01T12:47:06.890-0500][2.380s] GC(1) Pause Young (Normal) (G1 Evacuation Pause)
[2022-05-01T12:47:06.890-0500][2.380s] GC(1) Using 8 workers of 8 for evacuation
[2022-05-01T12:47:06.902-0500][2.392s] GC(1)   Pre Evacuate Collection Set: 0.0ms
[2022-05-01T12:47:06.902-0500][2.392s] GC(1)   Merge Heap Roots: 0.1ms
[2022-05-01T12:47:06.902-0500][2.392s] GC(1)   Evacuate Collection Set: 11.1ms
[2022-05-01T12:47:06.902-0500][2.392s] GC(1)   Post Evacuate Collection Set: 0.6ms
[2022-05-01T12:47:06.902-0500][2.392s] GC(1)   Other: 0.1ms
[2022-05-01T12:47:06.902-0500][2.392s] GC(1) Eden regions: 53->0(62)
[2022-05-01T12:47:06.902-0500][2.392s] GC(1) Survivor regions: 4->8(8)
[2022-05-01T12:47:06.902-0500][2.392s] GC(1) Old regions: 2->12
[2022-05-01T12:47:06.902-0500][2.392s] GC(1) Archive regions: 2->2
[2022-05-01T12:47:06.902-0500][2.392s] GC(1) Humongous regions: 4->4
[2022-05-01T12:47:06.902-0500][2.392s] GC(1) Metaspace: 16770K(17152K)->16770K(17152K) NonClass: 14836K(15040K)->14836K(15040K) Class: 1933K(2112K)->1933K(2112K)
[2022-05-01T12:47:06.902-0500][2.392s] GC(1) Pause Young (Normal) (G1 Evacuation Pause) 63M->24M(512M) 11.995ms
[2022-05-01T12:47:06.902-0500][2.392s] GC(1) User=0.04s Sys=0.02s Real=0.01s
[2022-05-01T12:47:07.160-0500][2.650s] GC(2) Pause Young (Concurrent Start) (Metadata GC Threshold)
[2022-05-01T12:47:07.160-0500][2.650s] GC(2) Using 8 workers of 8 for evacuation
[2022-05-01T12:47:07.171-0500][2.661s] GC(2)   Pre Evacuate Collection Set: 0.1ms
[2022-05-01T12:47:07.171-0500][2.661s] GC(2)   Merge Heap Roots: 0.0ms
[2022-05-01T12:47:07.171-0500][2.661s] GC(2)   Evacuate Collection Set: 10.5ms
[2022-05-01T12:47:07.171-0500][2.661s] GC(2)   Post Evacuate Collection Set: 0.3ms
[2022-05-01T12:47:07.171-0500][2.661s] GC(2)   Other: 0.1ms
[2022-05-01T12:47:07.171-0500][2.661s] GC(2) Eden regions: 22->0(74)
[2022-05-01T12:47:07.171-0500][2.661s] GC(2) Survivor regions: 8->1(9)
[2022-05-01T12:47:07.171-0500][2.661s] GC(2) Old regions: 12->20
[2022-05-01T12:47:07.171-0500][2.661s] GC(2) Archive regions: 2->2
[2022-05-01T12:47:07.171-0500][2.661s] GC(2) Humongous regions: 4->4
[2022-05-01T12:47:07.171-0500][2.661s] GC(2) Metaspace: 21223K(21504K)->21223K(21504K) NonClass: 18863K(19008K)->18863K(19008K) Class: 2360K(2496K)->2360K(2496K)
[2022-05-01T12:47:07.171-0500][2.661s] GC(2) Pause Young (Concurrent Start) (Metadata GC Threshold) 45M->25M(512M) 11.114ms
[2022-05-01T12:47:07.171-0500][2.661s] GC(2) User=0.02s Sys=0.01s Real=0.01s
[2022-05-01T12:47:07.171-0500][2.661s] GC(3) Concurrent Mark Cycle
[2022-05-01T12:47:07.171-0500][2.661s] GC(3) Concurrent Clear Claimed Marks
[2022-05-01T12:47:07.171-0500][2.661s] GC(3) Concurrent Clear Claimed Marks 0.013ms
[2022-05-01T12:47:07.171-0500][2.661s] GC(3) Concurrent Scan Root Regions
[2022-05-01T12:47:07.172-0500][2.662s] GC(3) Concurrent Scan Root Regions 0.980ms
[2022-05-01T12:47:07.172-0500][2.662s] GC(3) Concurrent Mark
[2022-05-01T12:47:07.172-0500][2.662s] GC(3) Concurrent Mark From Roots
[2022-05-01T12:47:07.172-0500][2.662s] GC(3) Using 2 workers of 2 for marking
[2022-05-01T12:47:07.180-0500][2.670s] GC(3) Concurrent Mark From Roots 7.624ms
[2022-05-01T12:47:07.180-0500][2.670s] GC(3) Concurrent Preclean
[2022-05-01T12:47:07.180-0500][2.670s] GC(3) Concurrent Preclean 0.025ms
[2022-05-01T12:47:07.181-0500][2.671s] GC(3) Pause Remark
[2022-05-01T12:47:07.189-0500][2.679s] GC(3) Pause Remark 25M->25M(512M) 8.760ms
[2022-05-01T12:47:07.189-0500][2.679s] GC(3) User=0.01s Sys=0.01s Real=0.00s
[2022-05-01T12:47:07.190-0500][2.680s] GC(3) Concurrent Mark 17.375ms
[2022-05-01T12:47:07.190-0500][2.680s] GC(3) Concurrent Rebuild Remembered Sets
[2022-05-01T12:47:07.194-0500][2.684s] GC(3) Concurrent Rebuild Remembered Sets 4.378ms
[2022-05-01T12:47:07.194-0500][2.684s] GC(3) Pause Cleanup
[2022-05-01T12:47:07.194-0500][2.684s] GC(3) Pause Cleanup 25M->25M(512M) 0.077ms
[2022-05-01T12:47:07.194-0500][2.684s] GC(3) User=0.00s Sys=0.00s Real=0.00s
[2022-05-01T12:47:07.194-0500][2.684s] GC(3) Concurrent Cleanup for Next Mark
[2022-05-01T12:47:07.195-0500][2.685s] GC(3) Concurrent Cleanup for Next Mark 0.676ms
[2022-05-01T12:47:07.195-0500][2.685s] GC(3) Concurrent Mark Cycle 24.018ms
[2022-05-01T12:47:08.768-0500][4.258s] GC(4) Pause Young (Normal) (G1 Evacuation Pause)
[2022-05-01T12:47:08.768-0500][4.258s] GC(4) Using 8 workers of 8 for evacuation
[2022-05-01T12:47:08.772-0500][4.262s] GC(4)   Pre Evacuate Collection Set: 0.0ms
[2022-05-01T12:47:08.772-0500][4.262s] GC(4)   Merge Heap Roots: 0.0ms
[2022-05-01T12:47:08.772-0500][4.262s] GC(4)   Evacuate Collection Set: 3.8ms
[2022-05-01T12:47:08.772-0500][4.262s] GC(4)   Post Evacuate Collection Set: 0.4ms
[2022-05-01T12:47:08.772-0500][4.262s] GC(4)   Other: 0.1ms
[2022-05-01T12:47:08.772-0500][4.262s] GC(4) Eden regions: 74->0(302)
[2022-05-01T12:47:08.772-0500][4.262s] GC(4) Survivor regions: 1->5(10)
[2022-05-01T12:47:08.772-0500][4.262s] GC(4) Old regions: 20->20
[2022-05-01T12:47:08.772-0500][4.262s] GC(4) Archive regions: 2->2
[2022-05-01T12:47:08.772-0500][4.262s] GC(4) Humongous regions: 4->4
[2022-05-01T12:47:08.772-0500][4.262s] GC(4) Metaspace: 32797K(33152K)->32797K(33152K) NonClass: 29077K(29248K)->29077K(29248K) Class: 3719K(3904K)->3719K(3904K)
[2022-05-01T12:47:08.772-0500][4.262s] GC(4) Pause Young (Normal) (G1 Evacuation Pause) 99M->29M(512M) 4.511ms
[2022-05-01T12:47:08.772-0500][4.262s] GC(4) User=0.02s Sys=0.01s Real=0.01s
[2022-05-01T12:47:09.097-0500][4.587s] GC(5) Pause Young (Concurrent Start) (Metadata GC Threshold)
[2022-05-01T12:47:09.097-0500][4.587s] GC(5) Using 8 workers of 8 for evacuation
[2022-05-01T12:47:09.101-0500][4.591s] GC(5)   Pre Evacuate Collection Set: 0.1ms
[2022-05-01T12:47:09.101-0500][4.591s] GC(5)   Merge Heap Roots: 0.0ms
[2022-05-01T12:47:09.101-0500][4.591s] GC(5)   Evacuate Collection Set: 4.0ms
[2022-05-01T12:47:09.101-0500][4.591s] GC(5)   Post Evacuate Collection Set: 0.3ms
[2022-05-01T12:47:09.101-0500][4.591s] GC(5)   Other: 0.0ms
[2022-05-01T12:47:09.101-0500][4.591s] GC(5) Eden regions: 16->0(300)
[2022-05-01T12:47:09.101-0500][4.591s] GC(5) Survivor regions: 5->7(39)
[2022-05-01T12:47:09.101-0500][4.591s] GC(5) Old regions: 20->20
[2022-05-01T12:47:09.101-0500][4.591s] GC(5) Archive regions: 2->2
[2022-05-01T12:47:09.101-0500][4.591s] GC(5) Humongous regions: 4->4
[2022-05-01T12:47:09.102-0500][4.591s] GC(5) Metaspace: 35579K(35968K)->35579K(35968K) NonClass: 31444K(31616K)->31444K(31616K) Class: 4134K(4352K)->4134K(4352K)
[2022-05-01T12:47:09.102-0500][4.592s] GC(5) Pause Young (Concurrent Start) (Metadata GC Threshold) 44M->30M(512M) 4.637ms
[2022-05-01T12:47:09.102-0500][4.592s] GC(6) Concurrent Mark Cycle
[2022-05-01T12:47:09.102-0500][4.592s] GC(5) User=0.02s Sys=0.00s Real=0.01s
[2022-05-01T12:47:09.102-0500][4.592s] GC(6) Concurrent Clear Claimed Marks
[2022-05-01T12:47:09.102-0500][4.592s] GC(6) Concurrent Clear Claimed Marks 0.023ms
[2022-05-01T12:47:09.102-0500][4.592s] GC(6) Concurrent Scan Root Regions
[2022-05-01T12:47:09.104-0500][4.594s] GC(6) Concurrent Scan Root Regions 2.202ms
[2022-05-01T12:47:09.104-0500][4.594s] GC(6) Concurrent Mark
[2022-05-01T12:47:09.104-0500][4.594s] GC(6) Concurrent Mark From Roots
[2022-05-01T12:47:09.104-0500][4.594s] GC(6) Using 2 workers of 2 for marking
[2022-05-01T12:47:09.111-0500][4.601s] GC(6) Concurrent Mark From Roots 6.756ms
[2022-05-01T12:47:09.111-0500][4.601s] GC(6) Concurrent Preclean
[2022-05-01T12:47:09.111-0500][4.601s] GC(6) Concurrent Preclean 0.045ms
[2022-05-01T12:47:09.111-0500][4.601s] GC(6) Pause Remark
[2022-05-01T12:47:09.124-0500][4.614s] GC(6) Pause Remark 32M->32M(512M) 13.078ms
[2022-05-01T12:47:09.125-0500][4.615s] GC(6) User=0.03s Sys=0.02s Real=0.01s
[2022-05-01T12:47:09.125-0500][4.615s] GC(6) Concurrent Mark 20.700ms
[2022-05-01T12:47:09.125-0500][4.615s] GC(6) Concurrent Rebuild Remembered Sets
[2022-05-01T12:47:09.129-0500][4.619s] GC(6) Concurrent Rebuild Remembered Sets 4.371ms
[2022-05-01T12:47:09.130-0500][4.620s] GC(6) Pause Cleanup
[2022-05-01T12:47:09.130-0500][4.620s] GC(6) Pause Cleanup 32M->32M(512M) 0.096ms
[2022-05-01T12:47:09.130-0500][4.620s] GC(6) User=0.00s Sys=0.00s Real=0.00s
[2022-05-01T12:47:09.130-0500][4.620s] GC(6) Concurrent Cleanup for Next Mark
[2022-05-01T12:47:09.138-0500][4.628s] GC(6) Concurrent Cleanup for Next Mark 7.844ms
[2022-05-01T12:47:09.138-0500][4.628s] GC(6) Concurrent Mark Cycle 36.493ms
[2022-05-01T13:10:38.941-0500][1414.452s] Heap
[2022-05-01T13:10:38.942-0500][1414.452s]  garbage-first heap   total 524288K, used 237221K [0x00000007e0000000, 0x0000000800000000)
[2022-05-01T13:10:38.942-0500][1414.452s]   region size 1024K, 206 young (210944K), 7 survivors (7168K)
[2022-05-01T13:10:38.942-0500][1414.452s]  Metaspace       used 50594K, committed 51136K, reserved 1114112K
[2022-05-01T13:10:38.942-0500][1414.452s]   class space    used 5936K, committed 6208K, reserved 1048576K
