[2022-04-18T23:20:27.641-0500][0.007s] CardTable entry size: 512
[2022-04-18T23:20:27.641-0500][0.007s] Using G1
[2022-04-18T23:20:27.773-0500][0.140s] Version: 18+36-2087 (release)
[2022-04-18T23:20:27.773-0500][0.140s] CPUs: 8 total, 8 available
[2022-04-18T23:20:27.773-0500][0.140s] Memory: 8192M
[2022-04-18T23:20:27.773-0500][0.140s] Large Page Support: Disabled
[2022-04-18T23:20:27.773-0500][0.140s] NUMA Support: Disabled
[2022-04-18T23:20:27.773-0500][0.140s] Compressed Oops: Enabled (Zero based)
[2022-04-18T23:20:27.773-0500][0.140s] Heap Region Size: 1M
[2022-04-18T23:20:27.773-0500][0.140s] Heap Min Capacity: 512M
[2022-04-18T23:20:27.773-0500][0.140s] Heap Initial Capacity: 512M
[2022-04-18T23:20:27.773-0500][0.140s] Heap Max Capacity: 512M
[2022-04-18T23:20:27.773-0500][0.140s] Pre-touch: Enabled
[2022-04-18T23:20:27.773-0500][0.140s] Parallel Workers: 8
[2022-04-18T23:20:27.773-0500][0.140s] Concurrent Workers: 2
[2022-04-18T23:20:27.773-0500][0.140s] Concurrent Refinement Workers: 8
[2022-04-18T23:20:27.773-0500][0.140s] Periodic GC: Disabled
[2022-04-18T23:20:27.774-0500][0.140s] CDS archive(s) mapped at: [0x0000000800000000-0x0000000800ba8000-0x0000000800ba8000), size 12222464, SharedBaseAddress: 0x0000000800000000, ArchiveRelocationMode: 0.
[2022-04-18T23:20:27.774-0500][0.140s] Compressed class space mapped at: 0x0000000800c00000-0x0000000840c00000, reserved size: 1073741824
[2022-04-18T23:20:27.774-0500][0.140s] Narrow klass base: 0x0000000800000000, Narrow klass shift: 0, Narrow klass range: 0x100000000
[2022-04-18T23:20:28.815-0500][1.182s] GC(0) Pause Young (Normal) (G1 Evacuation Pause)
[2022-04-18T23:20:28.816-0500][1.183s] GC(0) Using 8 workers of 8 for evacuation
[2022-04-18T23:20:28.827-0500][1.194s] GC(0)   Pre Evacuate Collection Set: 0.1ms
[2022-04-18T23:20:28.827-0500][1.194s] GC(0)   Merge Heap Roots: 0.1ms
[2022-04-18T23:20:28.827-0500][1.194s] GC(0)   Evacuate Collection Set: 10.4ms
[2022-04-18T23:20:28.827-0500][1.194s] GC(0)   Post Evacuate Collection Set: 0.4ms
[2022-04-18T23:20:28.827-0500][1.194s] GC(0)   Other: 0.5ms
[2022-04-18T23:20:28.827-0500][1.194s] GC(0) Eden regions: 29->0(65)
[2022-04-18T23:20:28.827-0500][1.194s] GC(0) Survivor regions: 0->4(4)
[2022-04-18T23:20:28.827-0500][1.194s] GC(0) Old regions: 0->2
[2022-04-18T23:20:28.827-0500][1.194s] GC(0) Archive regions: 2->2
[2022-04-18T23:20:28.827-0500][1.194s] GC(0) Humongous regions: 4->4
[2022-04-18T23:20:28.827-0500][1.194s] GC(0) Metaspace: 9973K(10176K)->9973K(10176K) NonClass: 8813K(8896K)->8813K(8896K) Class: 1159K(1280K)->1159K(1280K)
[2022-04-18T23:20:28.827-0500][1.194s] GC(0) Pause Young (Normal) (G1 Evacuation Pause) 33M->10M(512M) 11.623ms
[2022-04-18T23:20:28.827-0500][1.194s] GC(0) User=0.02s Sys=0.01s Real=0.01s
[2022-04-18T23:20:29.631-0500][1.998s] GC(1) Pause Young (Normal) (G1 Evacuation Pause)
[2022-04-18T23:20:29.631-0500][1.998s] GC(1) Using 8 workers of 8 for evacuation
[2022-04-18T23:20:29.648-0500][2.015s] GC(1)   Pre Evacuate Collection Set: 0.1ms
[2022-04-18T23:20:29.648-0500][2.015s] GC(1)   Merge Heap Roots: 0.1ms
[2022-04-18T23:20:29.648-0500][2.015s] GC(1)   Evacuate Collection Set: 15.7ms
[2022-04-18T23:20:29.648-0500][2.015s] GC(1)   Post Evacuate Collection Set: 0.9ms
[2022-04-18T23:20:29.648-0500][2.015s] GC(1)   Other: 0.1ms
[2022-04-18T23:20:29.648-0500][2.015s] GC(1) Eden regions: 49->0(58)
[2022-04-18T23:20:29.648-0500][2.015s] GC(1) Survivor regions: 4->7(7)
[2022-04-18T23:20:29.648-0500][2.015s] GC(1) Old regions: 2->12
[2022-04-18T23:20:29.648-0500][2.015s] GC(1) Archive regions: 2->2
[2022-04-18T23:20:29.648-0500][2.015s] GC(1) Humongous regions: 4->4
[2022-04-18T23:20:29.648-0500][2.015s] GC(1) Metaspace: 16052K(16384K)->16052K(16384K) NonClass: 14216K(14400K)->14216K(14400K) Class: 1836K(1984K)->1836K(1984K)
[2022-04-18T23:20:29.648-0500][2.015s] GC(1) Pause Young (Normal) (G1 Evacuation Pause) 59M->23M(512M) 17.062ms
[2022-04-18T23:20:29.648-0500][2.015s] GC(1) User=0.04s Sys=0.02s Real=0.01s
[2022-04-18T23:20:29.950-0500][2.317s] GC(2) Pause Young (Concurrent Start) (Metadata GC Threshold)
[2022-04-18T23:20:29.950-0500][2.317s] GC(2) Using 8 workers of 8 for evacuation
[2022-04-18T23:20:29.953-0500][2.320s] GC(2)   Pre Evacuate Collection Set: 0.1ms
[2022-04-18T23:20:29.953-0500][2.320s] GC(2)   Merge Heap Roots: 0.0ms
[2022-04-18T23:20:29.953-0500][2.320s] GC(2)   Evacuate Collection Set: 2.6ms
[2022-04-18T23:20:29.953-0500][2.320s] GC(2)   Post Evacuate Collection Set: 0.3ms
[2022-04-18T23:20:29.953-0500][2.320s] GC(2)   Other: 0.0ms
[2022-04-18T23:20:29.953-0500][2.320s] GC(2) Eden regions: 25->0(72)
[2022-04-18T23:20:29.953-0500][2.320s] GC(2) Survivor regions: 7->1(9)
[2022-04-18T23:20:29.953-0500][2.320s] GC(2) Old regions: 12->19
[2022-04-18T23:20:29.953-0500][2.320s] GC(2) Archive regions: 2->2
[2022-04-18T23:20:29.953-0500][2.320s] GC(2) Humongous regions: 4->4
[2022-04-18T23:20:29.953-0500][2.320s] GC(2) Metaspace: 21233K(21504K)->21233K(21504K) NonClass: 18872K(19008K)->18872K(19008K) Class: 2360K(2496K)->2360K(2496K)
[2022-04-18T23:20:29.953-0500][2.320s] GC(2) Pause Young (Concurrent Start) (Metadata GC Threshold) 48M->24M(512M) 3.192ms
[2022-04-18T23:20:29.953-0500][2.320s] GC(2) User=0.00s Sys=0.00s Real=0.00s
[2022-04-18T23:20:29.953-0500][2.320s] GC(3) Concurrent Mark Cycle
[2022-04-18T23:20:29.953-0500][2.320s] GC(3) Concurrent Clear Claimed Marks
[2022-04-18T23:20:29.953-0500][2.320s] GC(3) Concurrent Clear Claimed Marks 0.015ms
[2022-04-18T23:20:29.953-0500][2.320s] GC(3) Concurrent Scan Root Regions
[2022-04-18T23:20:29.954-0500][2.321s] GC(3) Concurrent Scan Root Regions 1.151ms
[2022-04-18T23:20:29.955-0500][2.322s] GC(3) Concurrent Mark
[2022-04-18T23:20:29.955-0500][2.322s] GC(3) Concurrent Mark From Roots
[2022-04-18T23:20:29.955-0500][2.322s] GC(3) Using 2 workers of 2 for marking
[2022-04-18T23:20:29.962-0500][2.329s] GC(3) Concurrent Mark From Roots 7.576ms
[2022-04-18T23:20:29.962-0500][2.329s] GC(3) Concurrent Preclean
[2022-04-18T23:20:29.962-0500][2.329s] GC(3) Concurrent Preclean 0.035ms
[2022-04-18T23:20:29.963-0500][2.329s] GC(3) Pause Remark
[2022-04-18T23:20:29.972-0500][2.339s] GC(3) Pause Remark 25M->25M(512M) 9.280ms
[2022-04-18T23:20:29.972-0500][2.339s] GC(3) User=0.01s Sys=0.01s Real=0.01s
[2022-04-18T23:20:29.972-0500][2.339s] GC(3) Concurrent Mark 17.217ms
[2022-04-18T23:20:29.972-0500][2.339s] GC(3) Concurrent Rebuild Remembered Sets
[2022-04-18T23:20:29.976-0500][2.343s] GC(3) Concurrent Rebuild Remembered Sets 4.257ms
[2022-04-18T23:20:29.976-0500][2.343s] GC(3) Pause Cleanup
[2022-04-18T23:20:29.977-0500][2.343s] GC(3) Pause Cleanup 25M->25M(512M) 0.107ms
[2022-04-18T23:20:29.977-0500][2.343s] GC(3) User=0.00s Sys=0.00s Real=0.00s
[2022-04-18T23:20:29.977-0500][2.344s] GC(3) Concurrent Cleanup for Next Mark
[2022-04-18T23:20:29.978-0500][2.344s] GC(3) Concurrent Cleanup for Next Mark 0.624ms
[2022-04-18T23:20:29.978-0500][2.345s] GC(3) Concurrent Mark Cycle 24.585ms
[2022-04-18T23:20:31.507-0500][3.874s] GC(4) Pause Young (Prepare Mixed) (G1 Evacuation Pause)
[2022-04-18T23:20:31.507-0500][3.874s] GC(4) Using 8 workers of 8 for evacuation
[2022-04-18T23:20:31.511-0500][3.878s] GC(4)   Pre Evacuate Collection Set: 0.1ms
[2022-04-18T23:20:31.511-0500][3.878s] GC(4)   Merge Heap Roots: 0.0ms
[2022-04-18T23:20:31.511-0500][3.878s] GC(4)   Evacuate Collection Set: 3.5ms
[2022-04-18T23:20:31.511-0500][3.878s] GC(4)   Post Evacuate Collection Set: 0.5ms
[2022-04-18T23:20:31.511-0500][3.878s] GC(4)   Other: 0.1ms
[2022-04-18T23:20:31.511-0500][3.878s] GC(4) Eden regions: 72->0(19)
[2022-04-18T23:20:31.511-0500][3.878s] GC(4) Survivor regions: 1->6(10)
[2022-04-18T23:20:31.511-0500][3.878s] GC(4) Old regions: 19->19
[2022-04-18T23:20:31.511-0500][3.878s] GC(4) Archive regions: 2->2
[2022-04-18T23:20:31.511-0500][3.878s] GC(4) Humongous regions: 4->4
[2022-04-18T23:20:31.511-0500][3.878s] GC(4) Metaspace: 34664K(35072K)->34664K(35072K) NonClass: 30643K(30848K)->30643K(30848K) Class: 4021K(4224K)->4021K(4224K)
[2022-04-18T23:20:31.511-0500][3.878s] GC(4) Pause Young (Prepare Mixed) (G1 Evacuation Pause) 96M->29M(512M) 4.303ms
[2022-04-18T23:20:31.511-0500][3.878s] GC(4) User=0.02s Sys=0.00s Real=0.01s
[2022-04-18T23:20:31.635-0500][4.002s] GC(5) Pause Young (Mixed) (Metadata GC Threshold)
[2022-04-18T23:20:31.635-0500][4.002s] GC(5) Using 8 workers of 8 for evacuation
[2022-04-18T23:20:31.640-0500][4.007s] GC(5)   Pre Evacuate Collection Set: 0.1ms
[2022-04-18T23:20:31.640-0500][4.007s] GC(5)   Merge Heap Roots: 0.0ms
[2022-04-18T23:20:31.640-0500][4.007s] GC(5)   Evacuate Collection Set: 4.4ms
[2022-04-18T23:20:31.640-0500][4.007s] GC(5)   Post Evacuate Collection Set: 0.3ms
[2022-04-18T23:20:31.640-0500][4.007s] GC(5)   Other: 0.1ms
[2022-04-18T23:20:31.640-0500][4.007s] GC(5) Eden regions: 6->0(306)
[2022-04-18T23:20:31.640-0500][4.007s] GC(5) Survivor regions: 6->1(4)
[2022-04-18T23:20:31.640-0500][4.007s] GC(5) Old regions: 19->24
[2022-04-18T23:20:31.640-0500][4.007s] GC(5) Archive regions: 2->2
[2022-04-18T23:20:31.640-0500][4.007s] GC(5) Humongous regions: 4->4
[2022-04-18T23:20:31.640-0500][4.007s] GC(5) Metaspace: 35902K(36288K)->35902K(36288K) NonClass: 31732K(31936K)->31732K(31936K) Class: 4169K(4352K)->4169K(4352K)
[2022-04-18T23:20:31.640-0500][4.007s] GC(5) Pause Young (Mixed) (Metadata GC Threshold) 35M->29M(512M) 5.052ms
[2022-04-18T23:20:31.640-0500][4.007s] GC(5) User=0.03s Sys=0.00s Real=0.01s
[2022-04-18T23:20:31.671-0500][4.038s] GC(6) Pause Young (Concurrent Start) (Metadata GC Threshold)
[2022-04-18T23:20:31.671-0500][4.038s] GC(6) Using 8 workers of 8 for evacuation
[2022-04-18T23:20:31.672-0500][4.039s] GC(6)   Pre Evacuate Collection Set: 0.2ms
[2022-04-18T23:20:31.672-0500][4.039s] GC(6)   Merge Heap Roots: 0.1ms
[2022-04-18T23:20:31.672-0500][4.039s] GC(6)   Evacuate Collection Set: 0.8ms
[2022-04-18T23:20:31.672-0500][4.039s] GC(6)   Post Evacuate Collection Set: 0.3ms
[2022-04-18T23:20:31.672-0500][4.039s] GC(6)   Other: 0.1ms
[2022-04-18T23:20:31.672-0500][4.039s] GC(6) Eden regions: 2->0(306)
[2022-04-18T23:20:31.672-0500][4.039s] GC(6) Survivor regions: 1->1(39)
[2022-04-18T23:20:31.672-0500][4.039s] GC(6) Old regions: 24->24
[2022-04-18T23:20:31.672-0500][4.039s] GC(6) Archive regions: 2->2
[2022-04-18T23:20:31.672-0500][4.039s] GC(6) Humongous regions: 4->4
[2022-04-18T23:20:31.672-0500][4.039s] GC(6) Metaspace: 36205K(36608K)->36205K(36608K) NonClass: 32008K(32192K)->32008K(32192K) Class: 4196K(4416K)->4196K(4416K)
[2022-04-18T23:20:31.672-0500][4.039s] GC(6) Pause Young (Concurrent Start) (Metadata GC Threshold) 30M->29M(512M) 1.598ms
[2022-04-18T23:20:31.672-0500][4.039s] GC(6) User=0.01s Sys=0.00s Real=0.00s
[2022-04-18T23:20:31.672-0500][4.039s] GC(7) Concurrent Mark Cycle
[2022-04-18T23:20:31.672-0500][4.039s] GC(7) Concurrent Clear Claimed Marks
[2022-04-18T23:20:31.672-0500][4.039s] GC(7) Concurrent Clear Claimed Marks 0.009ms
[2022-04-18T23:20:31.673-0500][4.039s] GC(7) Concurrent Scan Root Regions
[2022-04-18T23:20:31.673-0500][4.040s] GC(7) Concurrent Scan Root Regions 0.369ms
[2022-04-18T23:20:31.673-0500][4.040s] GC(7) Concurrent Mark
[2022-04-18T23:20:31.673-0500][4.040s] GC(7) Concurrent Mark From Roots
[2022-04-18T23:20:31.673-0500][4.040s] GC(7) Using 2 workers of 2 for marking
[2022-04-18T23:20:31.684-0500][4.051s] GC(7) Concurrent Mark From Roots 10.871ms
[2022-04-18T23:20:31.684-0500][4.051s] GC(7) Concurrent Preclean
[2022-04-18T23:20:31.684-0500][4.051s] GC(7) Concurrent Preclean 0.038ms
[2022-04-18T23:20:31.684-0500][4.051s] GC(7) Pause Remark
[2022-04-18T23:20:31.697-0500][4.063s] GC(7) Pause Remark 30M->30M(512M) 12.320ms
[2022-04-18T23:20:31.697-0500][4.063s] GC(7) User=0.01s Sys=0.02s Real=0.01s
[2022-04-18T23:20:31.697-0500][4.064s] GC(7) Concurrent Mark 23.828ms
[2022-04-18T23:20:31.697-0500][4.064s] GC(7) Concurrent Rebuild Remembered Sets
[2022-04-18T23:20:31.703-0500][4.069s] GC(7) Concurrent Rebuild Remembered Sets 5.878ms
[2022-04-18T23:20:31.703-0500][4.070s] GC(7) Pause Cleanup
[2022-04-18T23:20:31.703-0500][4.070s] GC(7) Pause Cleanup 30M->30M(512M) 0.060ms
[2022-04-18T23:20:31.703-0500][4.070s] GC(7) User=0.00s Sys=0.00s Real=0.00s
[2022-04-18T23:20:31.703-0500][4.070s] GC(7) Concurrent Cleanup for Next Mark
[2022-04-18T23:20:31.704-0500][4.071s] GC(7) Concurrent Cleanup for Next Mark 0.906ms
[2022-04-18T23:20:31.704-0500][4.071s] GC(7) Concurrent Mark Cycle 31.623ms
[2022-04-18T23:31:42.542-0500][674.915s] Heap
[2022-04-18T23:31:42.542-0500][674.915s]  garbage-first heap   total 524288K, used 126549K [0x00000007e0000000, 0x0000000800000000)
[2022-04-18T23:31:42.542-0500][674.915s]   region size 1024K, 93 young (95232K), 1 survivors (1024K)
[2022-04-18T23:31:42.542-0500][674.915s]  Metaspace       used 47671K, committed 48128K, reserved 1114112K
[2022-04-18T23:31:42.542-0500][674.915s]   class space    used 5621K, committed 5824K, reserved 1048576K
